Archive member included to satisfy reference by file (symbol)

../Middlewares/ST/AI/Lib\NetworkRuntime1020_CM4_GCC.a(ai_platform.o)
                              ./X-CUBE-AI/App/ae_model.o (ai_buffer_array_item_set_address)
../Middlewares/ST/AI/Lib\NetworkRuntime1020_CM4_GCC.a(ai_platform_interface.o)
                              ./X-CUBE-AI/App/ae_model.o (ai_platform_get_weights_map)
../Middlewares/ST/AI/Lib\NetworkRuntime1020_CM4_GCC.a(core_common.o)
                              ../Middlewares/ST/AI/Lib\NetworkRuntime1020_CM4_GCC.a(ai_platform_interface.o) (core_init)
../Middlewares/ST/AI/Lib\NetworkRuntime1020_CM4_GCC.a(core_convert.o)
                              ./X-CUBE-AI/App/ae_model.o (node_convert)
../Middlewares/ST/AI/Lib\NetworkRuntime1020_CM4_GCC.a(core_mem_manager.o)
                              ../Middlewares/ST/AI/Lib\NetworkRuntime1020_CM4_GCC.a(ai_platform_interface.o) (core_mem_alloc)
../Middlewares/ST/AI/Lib\NetworkRuntime1020_CM4_GCC.a(layers.o)
                              ../Middlewares/ST/AI/Lib\NetworkRuntime1020_CM4_GCC.a(ai_platform_interface.o) (ai_check_custom_types)
../Middlewares/ST/AI/Lib\NetworkRuntime1020_CM4_GCC.a(layers_conv2d_stm32_integer.o)
                              ./X-CUBE-AI/App/ae_model.o (forward_dense_integer_SSSA_ch)
../Middlewares/ST/AI/Lib\NetworkRuntime1020_CM4_GCC.a(layers_conv2d_integer_scratch.o)
                              ../Middlewares/ST/AI/Lib\NetworkRuntime1020_CM4_GCC.a(layers.o) (get_dense_scratch_size_s8)
../Middlewares/ST/AI/Lib\NetworkRuntime1020_CM4_GCC.a(forward_lite_convert.o)
                              ../Middlewares/ST/AI/Lib\NetworkRuntime1020_CM4_GCC.a(core_convert.o) (forward_lite_node_convert_is1os8)
../Middlewares/ST/AI/Lib\NetworkRuntime1020_CM4_GCC.a(forward_lite_dense_is8os8ws8_ch.o)
                              ../Middlewares/ST/AI/Lib\NetworkRuntime1020_CM4_GCC.a(layers_conv2d_stm32_integer.o) (forward_lite_dense_is8os8ws8_ch)
../Middlewares/ST/AI/Lib\NetworkRuntime1020_CM4_GCC.a(forward_lite_dense_is8os8ws8.o)
                              ../Middlewares/ST/AI/Lib\NetworkRuntime1020_CM4_GCC.a(layers_conv2d_stm32_integer.o) (forward_lite_dense_is8os8ws8)
../Middlewares/ST/AI/Lib\NetworkRuntime1020_CM4_GCC.a(lite_convert_kernel.o)
                              ../Middlewares/ST/AI/Lib\NetworkRuntime1020_CM4_GCC.a(forward_lite_convert.o) (lite_convert_is8of32)
../Middlewares/ST/AI/Lib\NetworkRuntime1020_CM4_GCC.a(st_align_factor.o)
                              ../Middlewares/ST/AI/Lib\NetworkRuntime1020_CM4_GCC.a(layers_conv2d_stm32_integer.o) (align_factor)
../Middlewares/ST/AI/Lib\NetworkRuntime1020_CM4_GCC.a(st_f32_to_int16.o)
                              ../Middlewares/ST/AI/Lib\NetworkRuntime1020_CM4_GCC.a(core_convert.o) (st_f32_to_int16)
../Middlewares/ST/AI/Lib\NetworkRuntime1020_CM4_GCC.a(st_f32_to_int8.o)
                              ../Middlewares/ST/AI/Lib\NetworkRuntime1020_CM4_GCC.a(core_convert.o) (st_f32_to_int8)
../Middlewares/ST/AI/Lib\NetworkRuntime1020_CM4_GCC.a(st_int16_to_f32.o)
                              ../Middlewares/ST/AI/Lib\NetworkRuntime1020_CM4_GCC.a(core_convert.o) (st_int16_to_f32)
../Middlewares/ST/AI/Lib\NetworkRuntime1020_CM4_GCC.a(st_sssa8_convolve.o)
                              ../Middlewares/ST/AI/Lib\NetworkRuntime1020_CM4_GCC.a(layers_conv2d_stm32_integer.o) (st_sssa8_convolve_rank1upd)
../Middlewares/ST/AI/Lib\NetworkRuntime1020_CM4_GCC.a(st_sssa8_convolve_1x1.o)
                              ../Middlewares/ST/AI/Lib\NetworkRuntime1020_CM4_GCC.a(layers_conv2d_stm32_integer.o) (st_sssa8_convolve_1x1_WeightsPrefetch)
../Middlewares/ST/AI/Lib\NetworkRuntime1020_CM4_GCC.a(st_sssa8_convolve_dw.o)
                              ../Middlewares/ST/AI/Lib\NetworkRuntime1020_CM4_GCC.a(layers_conv2d_stm32_integer.o) (st_sssa8_conv_dw_Wadapt)
../Middlewares/ST/AI/Lib\NetworkRuntime1020_CM4_GCC.a(st_sssa8_convolve_rgb.o)
                              ../Middlewares/ST/AI/Lib\NetworkRuntime1020_CM4_GCC.a(layers_conv2d_stm32_integer.o) (st_sssa8_convolve_rgb)
../Middlewares/ST/AI/Lib\NetworkRuntime1020_CM4_GCC.a(st_ssua8_ch_convolve.o)
                              ../Middlewares/ST/AI/Lib\NetworkRuntime1020_CM4_GCC.a(layers_conv2d_stm32_integer.o) (st_ssua8_ch_convolve_rank1upd)
../Middlewares/ST/AI/Lib\NetworkRuntime1020_CM4_GCC.a(st_ssua8_ch_convolve_1x1.o)
                              ../Middlewares/ST/AI/Lib\NetworkRuntime1020_CM4_GCC.a(layers_conv2d_stm32_integer.o) (st_ssua8_ch_convolve_1x1)
../Middlewares/ST/AI/Lib\NetworkRuntime1020_CM4_GCC.a(st_ssua8_ch_convolve_dw.o)
                              ../Middlewares/ST/AI/Lib\NetworkRuntime1020_CM4_GCC.a(layers_conv2d_stm32_integer.o) (st_ssua8_ch_conv_dw_Wadapt)
../Middlewares/ST/AI/Lib\NetworkRuntime1020_CM4_GCC.a(st_ssua8_ch_convolve_rgb.o)
                              ../Middlewares/ST/AI/Lib\NetworkRuntime1020_CM4_GCC.a(layers_conv2d_stm32_integer.o) (st_ssua8_ch_convolve_rgb)
[...]
Memory Configuration

Name             Origin             Length             Attributes
RAM              0x20000000         0x00018000         xrw
FLASH            0x08000000         0x00080000         xr
*default*        0x00000000         0xffffffff

Linker script and memory map

LOAD C:/ST/STM32CubeIDE_1.19.0/STM32CubeIDE/plugins/com.st.stm32cube.ide.mcu.externaltools.gnu-tools-for-stm32.14.3.rel1.win32_1.0.100.202602081740/tools/bin/../lib/gcc/arm-none-eabi/14.3.1/thumb/v7e-m+fp/hard/crti.o
LOAD C:/ST/STM32CubeIDE_1.19.0/STM32CubeIDE/plugins/com.st.stm32cube.ide.mcu.externaltools.gnu-tools-for-stm32.14.3.rel1.win32_1.0.100.202602081740/tools/bin/../lib/gcc/arm-none-eabi/14.3.1/thumb/v7e-m+fp/hard/crtbegin.o
LOAD C:/ST/STM32CubeIDE_1.19.0/STM32CubeIDE/plugins/com.st.stm32cube.ide.mcu.externaltools.gnu-tools-for-stm32.14.3.rel1.win32_1.0.100.202602081740/tools/bin/../lib/gcc/arm-none-eabi/14.3.1/../../../../arm-none-eabi/lib/thumb/v7e-m+fp/hard/crt0.o
LOAD ./Core/Src/ADXL345.o
LOAD ./Core/Src/adc.o
LOAD ./Core/Src/crc.o
LOAD ./Core/Src/dma.o
LOAD ./Core/Src/ds18b20.o
LOAD ./Core/Src/gpio.o
LOAD ./Core/Src/i2c.o
LOAD ./Core/Src/main.o
LOAD ./Core/Src/ow.o
LOAD ./Core/Src/stm32f4xx_hal_msp.o
LOAD ./Core/Src/stm32f4xx_it.o
LOAD ./Core/Src/sysmem.o
LOAD ./Core/Src/system_stm32f4xx.o
LOAD ./Core/Src/tim.o
LOAD ./Core/Src/usart.o
LOAD ./Core/Startup/startup_stm32f401retx.o
LOAD ./Drivers/CMSIS/DSP/Source/CommonTables/arm_common_tables.o
LOAD ./Drivers/CMSIS/DSP/Source/CommonTables/arm_const_structs.o
LOAD ./Drivers/CMSIS/DSP/Source/TransformFunctions/arm_bitreversal2.o
LOAD ./Drivers/CMSIS/DSP/Source/TransformFunctions/arm_cfft_f32.o
LOAD ./Drivers/CMSIS/DSP/Source/TransformFunctions/arm_cfft_init_f32.o
LOAD ./Drivers/CMSIS/DSP/Source/TransformFunctions/arm_cfft_radix8_f32.o
LOAD ./Drivers/CMSIS/DSP/Source/TransformFunctions/arm_rfft_fast_f32.o
LOAD ./Drivers/CMSIS/DSP/Source/TransformFunctions/arm_rfft_fast_init_f32.o
LOAD ./Drivers/STM32F4xx_HAL_Driver/Src/stm32f4xx_hal.o
LOAD ./Drivers/STM32F4xx_HAL_Driver/Src/stm32f4xx_hal_adc.o
LOAD ./Drivers/STM32F4xx_HAL_Driver/Src/stm32f4xx_hal_adc_ex.o
LOAD ./Drivers/STM32F4xx_HAL_Driver/Src/stm32f4xx_hal_cortex.o
LOAD ./Drivers/STM32F4xx_HAL_Driver/Src/stm32f4xx_hal_crc.o
LOAD ./Drivers/STM32F4xx_HAL_Driver/Src/stm32f4xx_hal_dma.o
LOAD ./Drivers/STM32F4xx_HAL_Driver/Src/stm32f4xx_hal_dma_ex.o
LOAD ./Drivers/STM32F4xx_HAL_Driver/Src/stm32f4xx_hal_exti.o
LOAD ./Drivers/STM32F4xx_HAL_Driver/Src/stm32f4xx_hal_flash.o
LOAD ./Drivers/STM32F4xx_HAL_Driver/Src/stm32f4xx_hal_flash_ex.o
LOAD ./Drivers/STM32F4xx_HAL_Driver/Src/stm32f4xx_hal_flash_ramfunc.o
LOAD ./Drivers/STM32F4xx_HAL_Driver/Src/stm32f4xx_hal_gpio.o
LOAD ./Drivers/STM32F4xx_HAL_Driver/Src/stm32f4xx_hal_i2c.o
LOAD ./Drivers/STM32F4xx_HAL_Driver/Src/stm32f4xx_hal_i2c_ex.o
LOAD ./Drivers/STM32F4xx_HAL_Driver/Src/stm32f4xx_hal_pwr.o
LOAD ./Drivers/STM32F4xx_HAL_Driver/Src/stm32f4xx_hal_pwr_ex.o
LOAD ./Drivers/STM32F4xx_HAL_Driver/Src/stm32f4xx_hal_rcc.o
LOAD ./Drivers/STM32F4xx_HAL_Driver/Src/stm32f4xx_hal_rcc_ex.o
LOAD ./Drivers/STM32F4xx_HAL_Driver/Src/stm32f4xx_hal_tim.o
LOAD ./Drivers/STM32F4xx_HAL_Driver/Src/stm32f4xx_hal_tim_ex.o
LOAD ./Drivers/STM32F4xx_HAL_Driver/Src/stm32f4xx_hal_uart.o
LOAD ./X-CUBE-AI/App/ae_model.o
LOAD ./X-CUBE-AI/App/ae_model_data.o
LOAD ./X-CUBE-AI/App/ae_model_data_params.o
LOAD ../Middlewares/ST/AI/Lib\NetworkRuntime1020_CM4_GCC.a
START GROUP
LOAD C:/ST/STM32CubeIDE_1.19.0/STM32CubeIDE/plugins/com.st.stm32cube.ide.mcu.externaltools.gnu-tools-for-stm32.14.3.rel1.win32_1.0.100.202602081740/tools/bin/../lib/gcc/arm-none-eabi/14.3.1/../../../../arm-none-eabi/lib/thumb/v7e-m+fp/hard\libc_nano.a
LOAD C:/ST/STM32CubeIDE_1.19.0/STM32CubeIDE/plugins/com.st.stm32cube.ide.mcu.externaltools.gnu-tools-for-stm32.14.3.rel1.win32_1.0.100.202602081740/tools/bin/../lib/gcc/arm-none-eabi/14.3.1/../../../../arm-none-eabi/lib/thumb/v7e-m+fp/hard\libm.a
END GROUP
START GROUP
LOAD C:/ST/STM32CubeIDE_1.19.0/STM32CubeIDE/plugins/com.st.stm32cube.ide.mcu.externaltools.gnu-tools-for-stm32.14.3.rel1.win32_1.0.100.202602081740/tools/bin/../lib/gcc/arm-none-eabi/14.3.1/thumb/v7e-m+fp/hard\libgcc.a
LOAD C:/ST/STM32CubeIDE_1.19.0/STM32CubeIDE/plugins/com.st.stm32cube.ide.mcu.externaltools.gnu-tools-for-stm32.14.3.rel1.win32_1.0.100.202602081740/tools/bin/../lib/gcc/arm-none-eabi/14.3.1/../../../../arm-none-eabi/lib/thumb/v7e-m+fp/hard\libc_nano.a
END GROUP
START GROUP
LOAD C:/ST/STM32CubeIDE_1.19.0/STM32CubeIDE/plugins/com.st.stm32cube.ide.mcu.externaltools.gnu-tools-for-stm32.14.3.rel1.win32_1.0.100.202602081740/tools/bin/../lib/gcc/arm-none-eabi/14.3.1/thumb/v7e-m+fp/hard\libgcc.a
LOAD C:/ST/STM32CubeIDE_1.19.0/STM32CubeIDE/plugins/com.st.stm32cube.ide.mcu.externaltools.gnu-tools-for-stm32.14.3.rel1.win32_1.0.100.202602081740/tools/bin/../lib/gcc/arm-none-eabi/14.3.1/../../../../arm-none-eabi/lib/thumb/v7e-m+fp/hard\libc_nano.a
LOAD C:/ST/STM32CubeIDE_1.19.0/STM32CubeIDE/plugins/com.st.stm32cube.ide.mcu.externaltools.gnu-tools-for-stm32.14.3.rel1.win32_1.0.100.202602081740/tools/bin/../lib/gcc/arm-none-eabi/14.3.1/../../../../arm-none-eabi/lib/thumb/v7e-m+fp/hard\libnosys.a
END GROUP
START GROUP
LOAD C:/ST/STM32CubeIDE_1.19.0/STM32CubeIDE/plugins/com.st.stm32cube.ide.mcu.externaltools.gnu-tools-for-stm32.14.3.rel1.win32_1.0.100.202602081740/tools/bin/../lib/gcc/arm-none-eabi/14.3.1/thumb/v7e-m+fp/hard\libgcc.a
LOAD C:/ST/STM32CubeIDE_1.19.0/STM32CubeIDE/plugins/com.st.stm32cube.ide.mcu.externaltools.gnu-tools-for-stm32.14.3.rel1.win32_1.0.100.202602081740/tools/bin/../lib/gcc/arm-none-eabi/14.3.1/../../../../arm-none-eabi/lib/thumb/v7e-m+fp/hard\libc_nano.a
LOAD C:/ST/STM32CubeIDE_1.19.0/STM32CubeIDE/plugins/com.st.stm32cube.ide.mcu.externaltools.gnu-tools-for-stm32.14.3.rel1.win32_1.0.100.202602081740/tools/bin/../lib/gcc/arm-none-eabi/14.3.1/../../../../arm-none-eabi/lib/thumb/v7e-m+fp/hard\libnosys.a
END GROUP
LOAD C:/ST/STM32CubeIDE_1.19.0/STM32CubeIDE/plugins/com.st.stm32cube.ide.mcu.externaltools.gnu-tools-for-stm32.14.3.rel1.win32_1.0.100.202602081740/tools/bin/../lib/gcc/arm-none-eabi/14.3.1/thumb/v7e-m+fp/hard/crtend.o
LOAD C:/ST/STM32CubeIDE_1.19.0/STM32CubeIDE/plugins/com.st.stm32cube.ide.mcu.externaltools.gnu-tools-for-stm32.14.3.rel1.win32_1.0.100.202602081740/tools/bin/../lib/gcc/arm-none-eabi/14.3.1/thumb/v7e-m+fp/hard/crtn.o
                0x20018000                        _estack = (ORIGIN (RAM) + LENGTH (RAM))
                0x00000800                        _Min_Heap_Size = 0x800
                0x00000800                        _Min_Stack_Size = 0x800

.isr_vector     0x08000000      0x194
                0x08000000                        . = ALIGN (0x4)
 *(.isr_vector)
 .isr_vector    0x08000000      0x194 ./Core/Startup/startup_stm32f401retx.o
                0x08000000                g_pfnVectors
                0x08000194                        . = ALIGN (0x4)

.text           0x080001a0    0x136c4
                0x080001a0                        . = ALIGN (0x4)
 *(.text)
 .text          0x080001a0       0x40 C:/ST/STM32CubeIDE_1.19.0/STM32CubeIDE/plugins/com.st.stm32cube.ide.mcu.externaltools.gnu-tools-for-stm32.14.3.rel1.win32_1.0.100.202602081740/tools/bin/../lib/gcc/arm-none-eabi/14.3.1/thumb/v7e-m+fp/hard/crtbegin.o
 .text          0x080001e0       0xa0 C:/ST/STM32CubeIDE_1.19.0/STM32CubeIDE/plugins/com.st.stm32cube.ide.mcu.externaltools.gnu-tools-for-stm32.14.3.rel1.win32_1.0.100.202602081740/tools/bin/../lib/gcc/arm-none-eabi/14.3.1/../../../../arm-none-eabi/lib/thumb/v7e-m+fp/hard\libc_nano.a(libc_a-memchr.o)
                0x080001e0                memchr
 .text          0x08000280       0x10 C:/ST/STM32CubeIDE_1.19.0/STM32CubeIDE/plugins/com.st.stm32cube.ide.mcu.externaltools.gnu-tools-for-stm32.14.3.rel1.win32_1.0.100.202602081740/tools/bin/../lib/gcc/arm-none-eabi/14.3.1/../../../../arm-none-eabi/lib/thumb/v7e-m+fp/hard\libc_nano.a(libc_a-strlen.o)
                0x08000280                strlen
 .text          0x08000290      0x378 C:/ST/STM32CubeIDE_1.19.0/STM32CubeIDE/plugins/com.st.stm32cube.ide.mcu.externaltools.gnu-tools-for-stm32.14.3.rel1.win32_1.0.100.202602081740/tools/bin/../lib/gcc/arm-none-eabi/14.3.1/thumb/v7e-m+fp/hard\libgcc.a(_arm_addsubdf3.o)
                0x08000290                __aeabi_drsub
                0x08000298                __aeabi_dsub
                0x08000298                __subdf3
                0x0800029c                __aeabi_dadd
                0x0800029c                __adddf3
                0x08000514                __floatunsidf
                0x08000514                __aeabi_ui2d
                0x08000534                __floatsidf
                0x08000534                __aeabi_i2d
                0x08000558                __aeabi_f2d
                0x08000558                __extendsfdf2
                0x0800059c                __floatundidf
                0x0800059c                __aeabi_ul2d
                0x080005ac                __floatdidf
                0x080005ac                __aeabi_l2d
 .text          0x08000608      0x424 C:/ST/STM32CubeIDE_1.19.0/STM32CubeIDE/plugins/com.st.stm32cube.ide.mcu.externaltools.gnu-tools-for-stm32.14.3.rel1.win32_1.0.100.202602081740/tools/bin/../lib/gcc/arm-none-eabi/14.3.1/thumb/v7e-m+fp/hard\libgcc.a(_arm_muldivdf3.o)
                0x08000608                __aeabi_dmul
                0x08000608                __muldf3
                0x0800085c                __divdf3
                0x0800085c                __aeabi_ddiv
 .text          0x08000a2c      0x110 C:/ST/STM32CubeIDE_1.19.0/STM32CubeIDE/plugins/com.st.stm32cube.ide.mcu.externaltools.gnu-tools-for-stm32.14.3.rel1.win32_1.0.100.202602081740/tools/bin/../lib/gcc/arm-none-eabi/14.3.1/thumb/v7e-m+fp/hard\libgcc.a(_arm_cmpdf2.o)
                0x08000a2c                __gtdf2
                0x08000a2c                __gedf2
                0x08000a34                __ltdf2
                0x08000a34                __ledf2
                0x08000a3c                __nedf2
                0x08000a3c                __eqdf2
                0x08000a3c                __cmpdf2
                0x08000ab8                __aeabi_cdrcmple
                0x08000ac8                __aeabi_cdcmpeq
                0x08000ac8                __aeabi_cdcmple
                0x08000ad8                __aeabi_dcmpeq
                0x08000aec                __aeabi_dcmplt
                0x08000b00                __aeabi_dcmple
                0x08000b14                __aeabi_dcmpge
                0x08000b28                __aeabi_dcmpgt
 .text          0x08000b3c       0x2c C:/ST/STM32CubeIDE_1.19.0/STM32CubeIDE/plugins/com.st.stm32cube.ide.mcu.externaltools.gnu-tools-for-stm32.14.3.rel1.win32_1.0.100.202602081740/tools/bin/../lib/gcc/arm-none-eabi/14.3.1/thumb/v7e-m+fp/hard\libgcc.a(_arm_unorddf2.o)
                0x08000b3c                __unorddf2
                0x08000b3c                __aeabi_dcmpun
 .text          0x08000b68       0x50 C:/ST/STM32CubeIDE_1.19.0/STM32CubeIDE/plugins/com.st.stm32cube.ide.mcu.externaltools.gnu-tools-for-stm32.14.3.rel1.win32_1.0.100.202602081740/tools/bin/../lib/gcc/arm-none-eabi/14.3.1/thumb/v7e-m+fp/hard\libgcc.a(_arm_fixdfsi.o)
                0x08000b68                __aeabi_d2iz
                0x08000b68                __fixdfsi
 .text          0x08000bb8       0x30 C:/ST/STM32CubeIDE_1.19.0/STM32CubeIDE/plugins/com.st.stm32cube.ide.mcu.externaltools.gnu-tools-for-stm32.14.3.rel1.win32_1.0.100.202602081740/tools/bin/../lib/gcc/arm-none-eabi/14.3.1/thumb/v7e-m+fp/hard\libgcc.a(_aeabi_uldivmod.o)
                0x08000bb8                __aeabi_uldivmod
 .text          0x08000be8      0x2f8 C:/ST/STM32CubeIDE_1.19.0/STM32CubeIDE/plugins/com.st.stm32cube.ide.mcu.externaltools.gnu-tools-for-stm32.14.3.rel1.win32_1.0.100.202602081740/tools/bin/../lib/gcc/arm-none-eabi/14.3.1/thumb/v7e-m+fp/hard\libgcc.a(_udivmoddi4.o)
                0x08000be8                __udivmoddi4
 .text          0x08000ee0        0x4 C:/ST/STM32CubeIDE_1.19.0/STM32CubeIDE/plugins/com.st.stm32cube.ide.mcu.externaltools.gnu-tools-for-stm32.14.3.rel1.win32_1.0.100.202602081740/tools/bin/../lib/gcc/arm-none-eabi/14.3.1/thumb/v7e-m+fp/hard\libgcc.a(_dvmd_tls.o)
                0x08000ee0                __aeabi_idiv0
                0x08000ee0                __aeabi_ldiv0
 *(.text*)
 .text.ADXL_Write
                0x08000ee4       0x3c ./Core/Src/ADXL345.o
 .text.ADXL_Read
                0x08000f20       0x3c ./Core/Src/ADXL345.o
 .text.ADXL345_Init
                0x08000f5c       0x60 ./Core/Src/ADXL345.o
                0x08000f5c                ADXL345_Init
 .text.ADXL_SetRange
                0x08000fbc       0x24 ./Core/Src/ADXL345.o
                0x08000fbc                ADXL_SetRange
 .text.ADXL345_ReadXYZ
                0x08000fe0       0xac ./Core/Src/ADXL345.o
                0x08000fe0                ADXL345_ReadXYZ
 .text.MX_ADC1_Init
                0x0800108c       0xc4 ./Core/Src/adc.o
                0x0800108c                MX_ADC1_Init
 .text.HAL_ADC_MspInit
                0x08001150       0xf0 ./Core/Src/adc.o
                0x08001150                HAL_ADC_MspInit
 .text.MX_CRC_Init
                0x08001240       0x28 ./Core/Src/crc.o
                0x08001240                MX_CRC_Init
 .text.HAL_CRC_MspInit
                0x08001268       0x44 ./Core/Src/crc.o
                0x08001268                HAL_CRC_MspInit
 .text.MX_DMA_Init
                0x080012ac       0x40 ./Core/Src/dma.o
                0x080012ac                MX_DMA_Init
 .text.ds18b20_init
                0x080012ec       0x26 ./Core/Src/ds18b20.o
                0x080012ec                ds18b20_init
 .text.ds18b20_is_busy
                0x08001312       0x1a ./Core/Src/ds18b20.o
                0x08001312                ds18b20_is_busy
 .text.ds18b20_update_rom_id
                0x0800132c       0x1a ./Core/Src/ds18b20.o
                0x0800132c                ds18b20_update_rom_id
 .text.ds18b20_cnv
                0x08001346       0x2c ./Core/Src/ds18b20.o
                0x08001346                ds18b20_cnv
 .text.ds18b20_is_cnv_done
                0x08001372       0x2c ./Core/Src/ds18b20.o
                0x08001372                ds18b20_is_cnv_done
 .text.ds18b20_req_read
                0x0800139e       0x2a ./Core/Src/ds18b20.o
                0x0800139e                ds18b20_req_read
 .text.ds18b20_read_c
                0x080013c8      0x144 ./Core/Src/ds18b20.o
                0x080013c8                ds18b20_read_c
 .text.MX_GPIO_Init
                0x0800150c      0x11c ./Core/Src/gpio.o
                0x0800150c                MX_GPIO_Init
 .text.MX_I2C1_Init
                0x08001628       0x5c ./Core/Src/i2c.o
                0x08001628                MX_I2C1_Init
 .text.HAL_I2C_MspInit
                0x08001684       0x90 ./Core/Src/i2c.o
                0x08001684                HAL_I2C_MspInit
 .text.computeFFT
                0x08001714       0x54 ./Core/Src/main.o
                0x08001714                computeFFT
 .text.HAL_ADC_ConvHalfCpltCallback
                0x08001768       0x2c ./Core/Src/main.o
                0x08001768                HAL_ADC_ConvHalfCpltCallback
 .text.HAL_ADC_ConvCpltCallback
                0x08001794       0x2c ./Core/Src/main.o
                0x08001794                HAL_ADC_ConvCpltCallback
 .text.processSamples
                0x080017c0      0x2f8 ./Core/Src/main.o
                0x080017c0                processSamples
 .text.calibrateVoltage
                0x08001ab8      0x120 ./Core/Src/main.o
                0x08001ab8                calibrateVoltage
 .text.readCurrentRMS
                0x08001bd8      0x11c ./Core/Src/main.o
                0x08001bd8                readCurrentRMS
 .text._write   0x08001cf4       0x2c ./Core/Src/main.o
                0x08001cf4                _write
 .text.OW_TimerCallback
                0x08001d20       0x28 ./Core/Src/main.o
                0x08001d20                OW_TimerCallback
 .text.extractVibrationFeatures
                0x08001d48      0xd90 ./Core/Src/main.o
                0x08001d48                extractVibrationFeatures
 .text.sendFeaturePacket
                0x08002ad8      0x160 ./Core/Src/main.o
                0x08002ad8                sendFeaturePacket
 .text.runInference
                0x08002c38      0x5c4 ./Core/Src/main.o
                0x08002c38                runInference
 .text.main     0x080031fc      0x734 ./Core/Src/main.o
                0x080031fc                main
 .text.SystemClock_Config
                0x08003930       0xd8 ./Core/Src/main.o
                0x08003930                SystemClock_Config
 .text.HAL_UART_RxCpltCallback
                0x08003a08       0x80 ./Core/Src/main.o
                0x08003a08                HAL_UART_RxCpltCallback
 .text.HAL_TIM_PeriodElapsedCallback
                0x08003a88       0x24 ./Core/Src/main.o
                0x08003a88                HAL_TIM_PeriodElapsedCallback
 .text.runCalibration
                0x08003aac      0x110 ./Core/Src/main.o
                0x08003aac                runCalibration
 .text.HAL_GPIO_EXTI_Callback
                0x08003bbc       0xe0 ./Core/Src/main.o
                0x08003bbc                HAL_GPIO_EXTI_Callback
 .text.sendToESP32
                0x08003c9c      0x3a0 ./Core/Src/main.o
                0x08003c9c                sendToESP32
 .text.Error_Handler
                0x0800403c        0xc ./Core/Src/main.o
                0x0800403c                Error_Handler
 .text.ow_init  0x08004048       0x82 ./Core/Src/ow.o
                0x08004048                ow_init
 *fill*         0x080040ca        0x2 
 .text.ow_callback
                0x080040cc      0xba8 ./Core/Src/ow.o
                0x080040cc                ow_callback
 .text.ow_crc   0x08004c74       0x70 ./Core/Src/ow.o
                0x08004c74                ow_crc
 .text.ow_is_busy
                0x08004ce4       0x24 ./Core/Src/ow.o
                0x08004ce4                ow_is_busy
 .text.ow_update_rom_id
                0x08004d08       0x6a ./Core/Src/ow.o
                0x08004d08                ow_update_rom_id
 .text.ow_xfer  0x08004d72       0xd4 ./Core/Src/ow.o
                0x08004d72                ow_xfer
 .text.ow_xfer_by_id
                0x08004e46      0x128 ./Core/Src/ow.o
                0x08004e46                ow_xfer_by_id
 .text.ow_read_resp
                0x08004f6e       0x80 ./Core/Src/ow.o
                0x08004f6e                ow_read_resp
 .text.ow_start
                0x08004fee       0xa8 ./Core/Src/ow.o
                0x08004fee                ow_start
 .text.ow_stop  0x08005096       0x58 ./Core/Src/ow.o
                0x08005096                ow_stop
 *fill*         0x080050ee        0x2 
 .text.HAL_MspInit
                0x080050f0       0x50 ./Core/Src/stm32f4xx_hal_msp.o
                0x080050f0                HAL_MspInit
 .text.NMI_Handler
                0x08005140        0x8 ./Core/Src/stm32f4xx_it.o
                0x08005140                NMI_Handler
 .text.HardFault_Handler
                0x08005148        0x8 ./Core/Src/stm32f4xx_it.o
                0x08005148                HardFault_Handler
 .text.MemManage_Handler
                0x08005150        0x8 ./Core/Src/stm32f4xx_it.o
                0x08005150                MemManage_Handler
 .text.BusFault_Handler
                0x08005158        0x8 ./Core/Src/stm32f4xx_it.o
                0x08005158                BusFault_Handler
 .text.UsageFault_Handler
                0x08005160        0x8 ./Core/Src/stm32f4xx_it.o
                0x08005160                UsageFault_Handler
 .text.SVC_Handler
                0x08005168        0xe ./Core/Src/stm32f4xx_it.o
                0x08005168                SVC_Handler
 .text.DebugMon_Handler
                0x08005176        0xe ./Core/Src/stm32f4xx_it.o
                0x08005176                DebugMon_Handler
 .text.PendSV_Handler
                0x08005184        0xe ./Core/Src/stm32f4xx_it.o
                0x08005184                PendSV_Handler
 .text.SysTick_Handler
                0x08005192        0xc ./Core/Src/stm32f4xx_it.o
                0x08005192                SysTick_Handler
 .text.EXTI1_IRQHandler
                0x0800519e        0xe ./Core/Src/stm32f4xx_it.o
                0x0800519e                EXTI1_IRQHandler
 .text.TIM4_IRQHandler
                0x080051ac       0x14 ./Core/Src/stm32f4xx_it.o
                0x080051ac                TIM4_IRQHandler
 .text.USART2_IRQHandler
                0x080051c0       0x14 ./Core/Src/stm32f4xx_it.o
                0x080051c0                USART2_IRQHandler
 .text.EXTI15_10_IRQHandler
                0x080051d4       0x10 ./Core/Src/stm32f4xx_it.o
                0x080051d4                EXTI15_10_IRQHandler
 .text.DMA2_Stream0_IRQHandler
                0x080051e4       0x14 ./Core/Src/stm32f4xx_it.o
                0x080051e4                DMA2_Stream0_IRQHandler
 .text._sbrk    0x080051f8       0x6c ./Core/Src/sysmem.o
                0x080051f8                _sbrk
 .text.SystemInit
                0x08005264       0x24 ./Core/Src/system_stm32f4xx.o
                0x08005264                SystemInit
 .text.MX_TIM2_Init
                0x08005288       0x98 ./Core/Src/tim.o
                0x08005288                MX_TIM2_Init
 .text.MX_TIM3_Init
                0x08005320       0x98 ./Core/Src/tim.o
                0x08005320                MX_TIM3_Init
 .text.MX_TIM4_Init
                0x080053b8       0x9c ./Core/Src/tim.o
                0x080053b8                MX_TIM4_Init
 .text.HAL_TIM_Base_MspInit
                0x08005454       0xa4 ./Core/Src/tim.o
                0x08005454                HAL_TIM_Base_MspInit
 .text.MX_USART2_UART_Init
                0x080054f8       0x54 ./Core/Src/usart.o
                0x080054f8                MX_USART2_UART_Init
 .text.HAL_UART_MspInit
                0x0800554c       0xa0 ./Core/Src/usart.o
                0x0800554c                HAL_UART_MspInit
 .text.Reset_Handler
                0x080055ec       0x50 ./Core/Startup/startup_stm32f401retx.o
                0x080055ec                Reset_Handler
 .text.Default_Handler
                0x0800563c        0x2 ./Core/Startup/startup_stm32f401retx.o
                0x0800563c                RTC_Alarm_IRQHandler
                0x0800563c                EXTI2_IRQHandler
                0x0800563c                SPI4_IRQHandler
                0x0800563c                TIM1_CC_IRQHandler
                0x0800563c                DMA2_Stream5_IRQHandler
                0x0800563c                DMA1_Stream5_IRQHandler
                0x0800563c                PVD_IRQHandler
                0x0800563c                SDIO_IRQHandler
                0x0800563c                TAMP_STAMP_IRQHandler
                0x0800563c                EXTI3_IRQHandler
                0x0800563c                TIM1_UP_TIM10_IRQHandler
                0x0800563c                I2C3_ER_IRQHandler
                0x0800563c                EXTI0_IRQHandler
                0x0800563c                I2C2_EV_IRQHandler
                0x0800563c                DMA1_Stream2_IRQHandler
                0x0800563c                FPU_IRQHandler
                0x0800563c                DMA2_Stream2_IRQHandler
                0x0800563c                SPI1_IRQHandler
                0x0800563c                TIM1_BRK_TIM9_IRQHandler
                0x0800563c                DMA2_Stream3_IRQHandler
                0x0800563c                USART6_IRQHandler
                0x0800563c                I2C1_EV_IRQHandler
                0x0800563c                DMA1_Stream6_IRQHandler
                0x0800563c                DMA1_Stream1_IRQHandler
                0x0800563c                TIM3_IRQHandler
                0x0800563c                RCC_IRQHandler
                0x0800563c                Default_Handler
                0x0800563c                ADC_IRQHandler
                0x0800563c                DMA1_Stream7_IRQHandler
                0x0800563c                TIM5_IRQHandler
                0x0800563c                DMA2_Stream7_IRQHandler
                0x0800563c                I2C3_EV_IRQHandler
                0x0800563c                EXTI9_5_IRQHandler
                0x0800563c                RTC_WKUP_IRQHandler
                0x0800563c                SPI2_IRQHandler
                0x0800563c                DMA1_Stream0_IRQHandler
                0x0800563c                EXTI4_IRQHandler
                0x0800563c                WWDG_IRQHandler
                0x0800563c                TIM2_IRQHandler
                0x0800563c                OTG_FS_WKUP_IRQHandler
                0x0800563c                TIM1_TRG_COM_TIM11_IRQHandler
                0x0800563c                I2C2_ER_IRQHandler
                0x0800563c                DMA2_Stream1_IRQHandler
                0x0800563c                FLASH_IRQHandler
                0x0800563c                DMA2_Stream4_IRQHandler
                0x0800563c                USART1_IRQHandler
                0x0800563c                OTG_FS_IRQHandler
                0x0800563c                SPI3_IRQHandler
                0x0800563c                DMA1_Stream4_IRQHandler
                0x0800563c                I2C1_ER_IRQHandler
                0x0800563c                DMA2_Stream6_IRQHandler
                0x0800563c                DMA1_Stream3_IRQHandler
 .text.arm_bitreversal_32
                0x0800563e       0xb2 ./Drivers/CMSIS/DSP/Source/TransformFunctions/arm_bitreversal2.o
                0x0800563e                arm_bitreversal_32
 .text.arm_cfft_radix8by2_f32
                0x080056f0      0x3e8 ./Drivers/CMSIS/DSP/Source/TransformFunctions/arm_cfft_f32.o
                0x080056f0                arm_cfft_radix8by2_f32
 .text.arm_cfft_radix8by4_f32
                0x08005ad8      0xc60 ./Drivers/CMSIS/DSP/Source/TransformFunctions/arm_cfft_f32.o
                0x08005ad8                arm_cfft_radix8by4_f32
 .text.arm_cfft_f32
                0x08006738      0x174 ./Drivers/CMSIS/DSP/Source/TransformFunctions/arm_cfft_f32.o
                0x08006738                arm_cfft_f32
 .text.arm_cfft_init_f32
                0x080068ac      0x1a4 ./Drivers/CMSIS/DSP/Source/TransformFunctions/arm_cfft_init_f32.o
                0x080068ac                arm_cfft_init_f32
 .text.arm_radix8_butterfly_f32
                0x08006a50     0x100c ./Drivers/CMSIS/DSP/Source/TransformFunctions/arm_cfft_radix8_f32.o
                0x08006a50                arm_radix8_butterfly_f32
 .text.stage_rfft_f32
                0x08007a5c      0x1ca ./Drivers/CMSIS/DSP/Source/TransformFunctions/arm_rfft_fast_f32.o
                0x08007a5c                stage_rfft_f32
 .text.merge_rfft_f32
                0x08007c26      0x192 ./Drivers/CMSIS/DSP/Source/TransformFunctions/arm_rfft_fast_f32.o
                0x08007c26                merge_rfft_f32
 .text.arm_rfft_fast_f32
                0x08007db8       0x4e ./Drivers/CMSIS/DSP/Source/TransformFunctions/arm_rfft_fast_f32.o
                0x08007db8                arm_rfft_fast_f32
 *fill*         0x08007e06        0x2 
 .text.arm_rfft_32_fast_init_f32
                0x08007e08       0x4c ./Drivers/CMSIS/DSP/Source/TransformFunctions/arm_rfft_fast_init_f32.o
 .text.arm_rfft_64_fast_init_f32
                0x08007e54       0x4c ./Drivers/CMSIS/DSP/Source/TransformFunctions/arm_rfft_fast_init_f32.o
 .text.arm_rfft_128_fast_init_f32
                0x08007ea0       0x4c ./Drivers/CMSIS/DSP/Source/TransformFunctions/arm_rfft_fast_init_f32.o
 .text.arm_rfft_256_fast_init_f32
                0x08007eec       0x4c ./Drivers/CMSIS/DSP/Source/TransformFunctions/arm_rfft_fast_init_f32.o
 .text.arm_rfft_512_fast_init_f32
                0x08007f38       0x50 ./Drivers/CMSIS/DSP/Source/TransformFunctions/arm_rfft_fast_init_f32.o
 .text.arm_rfft_1024_fast_init_f32
                0x08007f88       0x50 ./Drivers/CMSIS/DSP/Source/TransformFunctions/arm_rfft_fast_init_f32.o
 .text.arm_rfft_2048_fast_init_f32
                0x08007fd8       0x50 ./Drivers/CMSIS/DSP/Source/TransformFunctions/arm_rfft_fast_init_f32.o
 .text.arm_rfft_4096_fast_init_f32
                0x08008028       0x50 ./Drivers/CMSIS/DSP/Source/TransformFunctions/arm_rfft_fast_init_f32.o
 .text.arm_rfft_fast_init_f32
                0x08008078       0xd0 ./Drivers/CMSIS/DSP/Source/TransformFunctions/arm_rfft_fast_init_f32.o
                0x08008078                arm_rfft_fast_init_f32
 .text.HAL_Init
                0x08008148       0x44 ./Drivers/STM32F4xx_HAL_Driver/Src/stm32f4xx_hal.o
                0x08008148                HAL_Init
 .text.HAL_InitTick
                0x0800818c       0x60 ./Drivers/STM32F4xx_HAL_Driver/Src/stm32f4xx_hal.o
                0x0800818c                HAL_InitTick
 .text.HAL_IncTick
                0x080081ec       0x28 ./Drivers/STM32F4xx_HAL_Driver/Src/stm32f4xx_hal.o
                0x080081ec                HAL_IncTick
 .text.HAL_GetTick
                0x08008214       0x18 ./Drivers/STM32F4xx_HAL_Driver/Src/stm32f4xx_hal.o
                0x08008214                HAL_GetTick
 .text.HAL_Delay
                0x0800822c       0x48 ./Drivers/STM32F4xx_HAL_Driver/Src/stm32f4xx_hal.o
                0x0800822c                HAL_Delay
 .text.HAL_ADC_Init
                0x08008274       0x86 ./Drivers/STM32F4xx_HAL_Driver/Src/stm32f4xx_hal_adc.o
                0x08008274                HAL_ADC_Init
 *fill*         0x080082fa        0x2 
 .text.HAL_ADC_Start_DMA
                0x080082fc      0x1e8 ./Drivers/STM32F4xx_HAL_Driver/Src/stm32f4xx_hal_adc.o
                0x080082fc                HAL_ADC_Start_DMA
 .text.HAL_ADC_ErrorCallback
                0x080084e4       0x14 ./Drivers/STM32F4xx_HAL_Driver/Src/stm32f4xx_hal_adc.o
                0x080084e4                HAL_ADC_ErrorCallback
 .text.HAL_ADC_ConfigChannel
                0x080084f8      0x244 ./Drivers/STM32F4xx_HAL_Driver/Src/stm32f4xx_hal_adc.o
                0x080084f8                HAL_ADC_ConfigChannel
 .text.ADC_Init
                0x0800873c      0x1f8 ./Drivers/STM32F4xx_HAL_Driver/Src/stm32f4xx_hal_adc.o
 .text.ADC_DMAConvCplt
                0x08008934       0xba ./Drivers/STM32F4xx_HAL_Driver/Src/stm32f4xx_hal_adc.o
 .text.ADC_DMAHalfConvCplt
                0x080089ee       0x1c ./Drivers/STM32F4xx_HAL_Driver/Src/stm32f4xx_hal_adc.o
 .text.ADC_DMAError
                0x08008a0a       0x2e ./Drivers/STM32F4xx_HAL_Driver/Src/stm32f4xx_hal_adc.o
 .text.__NVIC_SetPriorityGrouping
                0x08008a38       0x48 ./Drivers/STM32F4xx_HAL_Driver/Src/stm32f4xx_hal_cortex.o
 .text.__NVIC_GetPriorityGrouping
                0x08008a80       0x1c ./Drivers/STM32F4xx_HAL_Driver/Src/stm32f4xx_hal_cortex.o
 .text.__NVIC_EnableIRQ
                0x08008a9c       0x3c ./Drivers/STM32F4xx_HAL_Driver/Src/stm32f4xx_hal_cortex.o
 .text.__NVIC_SetPriority
                0x08008ad8       0x54 ./Drivers/STM32F4xx_HAL_Driver/Src/stm32f4xx_hal_cortex.o
 .text.NVIC_EncodePriority
                0x08008b2c       0x66 ./Drivers/STM32F4xx_HAL_Driver/Src/stm32f4xx_hal_cortex.o
 *fill*         0x08008b92        0x2 
 .text.SysTick_Config
                0x08008b94       0x44 ./Drivers/STM32F4xx_HAL_Driver/Src/stm32f4xx_hal_cortex.o
 .text.HAL_NVIC_SetPriorityGrouping
                0x08008bd8       0x16 ./Drivers/STM32F4xx_HAL_Driver/Src/stm32f4xx_hal_cortex.o
                0x08008bd8                HAL_NVIC_SetPriorityGrouping
 .text.HAL_NVIC_SetPriority
                0x08008bee       0x38 ./Drivers/STM32F4xx_HAL_Driver/Src/stm32f4xx_hal_cortex.o
                0x08008bee                HAL_NVIC_SetPriority
 .text.HAL_NVIC_EnableIRQ
                0x08008c26       0x1c ./Drivers/STM32F4xx_HAL_Driver/Src/stm32f4xx_hal_cortex.o
                0x08008c26                HAL_NVIC_EnableIRQ
 .text.HAL_SYSTICK_Config
                0x08008c42       0x18 ./Drivers/STM32F4xx_HAL_Driver/Src/stm32f4xx_hal_cortex.o
                0x08008c42                HAL_SYSTICK_Config
 .text.HAL_CRC_Init
                0x08008c5a       0x38 ./Drivers/STM32F4xx_HAL_Driver/Src/stm32f4xx_hal_crc.o
                0x08008c5a                HAL_CRC_Init
 *fill*         0x08008c92        0x2 
 .text.HAL_DMA_Init
                0x08008c94      0x15c ./Drivers/STM32F4xx_HAL_Driver/Src/stm32f4xx_hal_dma.o
                0x08008c94                HAL_DMA_Init
 .text.HAL_DMA_Start_IT
                0x08008df0       0xb0 ./Drivers/STM32F4xx_HAL_Driver/Src/stm32f4xx_hal_dma.o
                0x08008df0                HAL_DMA_Start_IT
 .text.HAL_DMA_Abort
                0x08008ea0       0xe0 ./Drivers/STM32F4xx_HAL_Driver/Src/stm32f4xx_hal_dma.o
                0x08008ea0                HAL_DMA_Abort
 .text.HAL_DMA_Abort_IT
                0x08008f80       0x44 ./Drivers/STM32F4xx_HAL_Driver/Src/stm32f4xx_hal_dma.o
                0x08008f80                HAL_DMA_Abort_IT
 .text.HAL_DMA_IRQHandler
                0x08008fc4      0x314 ./Drivers/STM32F4xx_HAL_Driver/Src/stm32f4xx_hal_dma.o
                0x08008fc4                HAL_DMA_IRQHandler
 .text.DMA_SetConfig
                0x080092d8       0x5c ./Drivers/STM32F4xx_HAL_Driver/Src/stm32f4xx_hal_dma.o
 .text.DMA_CalcBaseAndBitshift
                0x08009334       0x6c ./Drivers/STM32F4xx_HAL_Driver/Src/stm32f4xx_hal_dma.o
 .text.DMA_CheckFifoParam
                0x080093a0       0xf8 ./Drivers/STM32F4xx_HAL_Driver/Src/stm32f4xx_hal_dma.o
 .text.HAL_GPIO_Init
                0x08009498      0x308 ./Drivers/STM32F4xx_HAL_Driver/Src/stm32f4xx_hal_gpio.o
                0x08009498                HAL_GPIO_Init
 .text.HAL_GPIO_WritePin
                0x080097a0       0x32 ./Drivers/STM32F4xx_HAL_Driver/Src/stm32f4xx_hal_gpio.o
                0x080097a0                HAL_GPIO_WritePin
 *fill*         0x080097d2        0x2 
 .text.HAL_GPIO_EXTI_IRQHandler
                0x080097d4       0x30 ./Drivers/STM32F4xx_HAL_Driver/Src/stm32f4xx_hal_gpio.o
                0x080097d4                HAL_GPIO_EXTI_IRQHandler
 .text.HAL_I2C_Init
                0x08009804      0x288 ./Drivers/STM32F4xx_HAL_Driver/Src/stm32f4xx_hal_i2c.o
                0x08009804                HAL_I2C_Init
 .text.HAL_I2C_Mem_Write
                0x08009a8c      0x1f4 ./Drivers/STM32F4xx_HAL_Driver/Src/stm32f4xx_hal_i2c.o
                0x08009a8c                HAL_I2C_Mem_Write
 .text.HAL_I2C_Mem_Read
                0x08009c80      0x464 ./Drivers/STM32F4xx_HAL_Driver/Src/stm32f4xx_hal_i2c.o
                0x08009c80                HAL_I2C_Mem_Read
 .text.I2C_RequestMemoryWrite
                0x0800a0e4      0x12c ./Drivers/STM32F4xx_HAL_Driver/Src/stm32f4xx_hal_i2c.o
 .text.I2C_RequestMemoryRead
                0x0800a210      0x1d0 ./Drivers/STM32F4xx_HAL_Driver/Src/stm32f4xx_hal_i2c.o
 .text.I2C_WaitOnFlagUntilTimeout
                0x0800a3e0       0xf4 ./Drivers/STM32F4xx_HAL_Driver/Src/stm32f4xx_hal_i2c.o
 .text.I2C_WaitOnMasterAddressFlagUntilTimeout
                0x0800a4d4      0x140 ./Drivers/STM32F4xx_HAL_Driver/Src/stm32f4xx_hal_i2c.o
 .text.I2C_WaitOnTXEFlagUntilTimeout
                0x0800a614       0x90 ./Drivers/STM32F4xx_HAL_Driver/Src/stm32f4xx_hal_i2c.o
 .text.I2C_WaitOnBTFFlagUntilTimeout
                0x0800a6a4       0x90 ./Drivers/STM32F4xx_HAL_Driver/Src/stm32f4xx_hal_i2c.o
 .text.I2C_WaitOnRXNEFlagUntilTimeout
                0x0800a734       0xba ./Drivers/STM32F4xx_HAL_Driver/Src/stm32f4xx_hal_i2c.o
 .text.I2C_IsAcknowledgeFailed
                0x0800a7ee       0x5e ./Drivers/STM32F4xx_HAL_Driver/Src/stm32f4xx_hal_i2c.o
 .text.HAL_RCC_OscConfig
                0x0800a84c      0x4f0 ./Drivers/STM32F4xx_HAL_Driver/Src/stm32f4xx_hal_rcc.o
                0x0800a84c                HAL_RCC_OscConfig
 .text.HAL_RCC_ClockConfig
                0x0800ad3c      0x1cc ./Drivers/STM32F4xx_HAL_Driver/Src/stm32f4xx_hal_rcc.o
                0x0800ad3c                HAL_RCC_ClockConfig
 .text.HAL_RCC_GetSysClockFreq
                0x0800af08      0x20c ./Drivers/STM32F4xx_HAL_Driver/Src/stm32f4xx_hal_rcc.o
                0x0800af08                HAL_RCC_GetSysClockFreq
 .text.HAL_RCC_GetHCLKFreq
                0x0800b114       0x18 ./Drivers/STM32F4xx_HAL_Driver/Src/stm32f4xx_hal_rcc.o
                0x0800b114                HAL_RCC_GetHCLKFreq
 .text.HAL_RCC_GetPCLK1Freq
                0x0800b12c       0x28 ./Drivers/STM32F4xx_HAL_Driver/Src/stm32f4xx_hal_rcc.o
                0x0800b12c                HAL_RCC_GetPCLK1Freq
 .text.HAL_RCC_GetPCLK2Freq
                0x0800b154       0x28 ./Drivers/STM32F4xx_HAL_Driver/Src/stm32f4xx_hal_rcc.o
                0x0800b154                HAL_RCC_GetPCLK2Freq
 .text.HAL_TIM_Base_Init
                0x0800b17c       0xb8 ./Drivers/STM32F4xx_HAL_Driver/Src/stm32f4xx_hal_tim.o
                0x0800b17c                HAL_TIM_Base_Init
 .text.HAL_TIM_Base_Start
                0x0800b234       0xb4 ./Drivers/STM32F4xx_HAL_Driver/Src/stm32f4xx_hal_tim.o
                0x0800b234                HAL_TIM_Base_Start
 .text.HAL_TIM_Base_Start_IT
                0x0800b2e8       0xc4 ./Drivers/STM32F4xx_HAL_Driver/Src/stm32f4xx_hal_tim.o
                0x0800b2e8                HAL_TIM_Base_Start_IT
 .text.HAL_TIM_Base_Stop_IT
                0x0800b3ac       0x5e ./Drivers/STM32F4xx_HAL_Driver/Src/stm32f4xx_hal_tim.o
                0x0800b3ac                HAL_TIM_Base_Stop_IT
 .text.HAL_TIM_IRQHandler
                0x0800b40a      0x220 ./Drivers/STM32F4xx_HAL_Driver/Src/stm32f4xx_hal_tim.o
                0x0800b40a                HAL_TIM_IRQHandler
 .text.HAL_TIM_ConfigClockSource
                0x0800b62a      0x18e ./Drivers/STM32F4xx_HAL_Driver/Src/stm32f4xx_hal_tim.o
                0x0800b62a                HAL_TIM_ConfigClockSource
 .text.HAL_TIM_PeriodElapsedHalfCpltCallback
                0x0800b7b8       0x14 ./Drivers/STM32F4xx_HAL_Driver/Src/stm32f4xx_hal_tim.o
                0x0800b7b8                HAL_TIM_PeriodElapsedHalfCpltCallback
 .text.HAL_TIM_OC_DelayElapsedCallback
                0x0800b7cc       0x14 ./Drivers/STM32F4xx_HAL_Driver/Src/stm32f4xx_hal_tim.o
                0x0800b7cc                HAL_TIM_OC_DelayElapsedCallback
 .text.HAL_TIM_IC_CaptureCallback
                0x0800b7e0       0x14 ./Drivers/STM32F4xx_HAL_Driver/Src/stm32f4xx_hal_tim.o
                0x0800b7e0                HAL_TIM_IC_CaptureCallback
 .text.HAL_TIM_IC_CaptureHalfCpltCallback
                0x0800b7f4       0x14 ./Drivers/STM32F4xx_HAL_Driver/Src/stm32f4xx_hal_tim.o
                0x0800b7f4                HAL_TIM_IC_CaptureHalfCpltCallback
 .text.HAL_TIM_PWM_PulseFinishedCallback
                0x0800b808       0x14 ./Drivers/STM32F4xx_HAL_Driver/Src/stm32f4xx_hal_tim.o
                0x0800b808                HAL_TIM_PWM_PulseFinishedCallback
 .text.HAL_TIM_PWM_PulseFinishedHalfCpltCallback
                0x0800b81c       0x14 ./Drivers/STM32F4xx_HAL_Driver/Src/stm32f4xx_hal_tim.o
                0x0800b81c                HAL_TIM_PWM_PulseFinishedHalfCpltCallback
 .text.HAL_TIM_TriggerCallback
                0x0800b830       0x14 ./Drivers/STM32F4xx_HAL_Driver/Src/stm32f4xx_hal_tim.o
                0x0800b830                HAL_TIM_TriggerCallback
 .text.HAL_TIM_TriggerHalfCpltCallback
                0x0800b844       0x14 ./Drivers/STM32F4xx_HAL_Driver/Src/stm32f4xx_hal_tim.o
                0x0800b844                HAL_TIM_TriggerHalfCpltCallback
 .text.HAL_TIM_ErrorCallback
                0x0800b858       0x14 ./Drivers/STM32F4xx_HAL_Driver/Src/stm32f4xx_hal_tim.o
                0x0800b858                HAL_TIM_ErrorCallback
 .text.HAL_TIM_RegisterCallback
                0x0800b86c      0x274 ./Drivers/STM32F4xx_HAL_Driver/Src/stm32f4xx_hal_tim.o
                0x0800b86c                HAL_TIM_RegisterCallback
 .text.TIM_Base_SetConfig
                0x0800bae0      0x10c ./Drivers/STM32F4xx_HAL_Driver/Src/stm32f4xx_hal_tim.o
                0x0800bae0                TIM_Base_SetConfig
 .text.TIM_TI1_ConfigInputStage
                0x0800bbec       0x5e ./Drivers/STM32F4xx_HAL_Driver/Src/stm32f4xx_hal_tim.o
 .text.TIM_TI2_ConfigInputStage
                0x0800bc4a       0x60 ./Drivers/STM32F4xx_HAL_Driver/Src/stm32f4xx_hal_tim.o
 .text.TIM_ITRx_SetConfig
                0x0800bcaa       0x36 ./Drivers/STM32F4xx_HAL_Driver/Src/stm32f4xx_hal_tim.o
 .text.TIM_ETR_SetConfig
                0x0800bce0       0x40 ./Drivers/STM32F4xx_HAL_Driver/Src/stm32f4xx_hal_tim.o
                0x0800bce0                TIM_ETR_SetConfig
 .text.TIM_ResetCallback
                0x0800bd20       0xb0 ./Drivers/STM32F4xx_HAL_Driver/Src/stm32f4xx_hal_tim.o
                0x0800bd20                TIM_ResetCallback
 .text.HAL_TIMEx_MasterConfigSynchronization
                0x0800bdd0       0xdc ./Drivers/STM32F4xx_HAL_Driver/Src/stm32f4xx_hal_tim_ex.o
                0x0800bdd0                HAL_TIMEx_MasterConfigSynchronization
 .text.HAL_TIMEx_CommutCallback
                0x0800beac       0x14 ./Drivers/STM32F4xx_HAL_Driver/Src/stm32f4xx_hal_tim_ex.o
                0x0800beac                HAL_TIMEx_CommutCallback
 .text.HAL_TIMEx_CommutHalfCpltCallback
                0x0800bec0       0x14 ./Drivers/STM32F4xx_HAL_Driver/Src/stm32f4xx_hal_tim_ex.o
                0x0800bec0                HAL_TIMEx_CommutHalfCpltCallback
 .text.HAL_TIMEx_BreakCallback
                0x0800bed4       0x14 ./Drivers/STM32F4xx_HAL_Driver/Src/stm32f4xx_hal_tim_ex.o
                0x0800bed4                HAL_TIMEx_BreakCallback
 .text.HAL_UART_Init
                0x0800bee8       0xa0 ./Drivers/STM32F4xx_HAL_Driver/Src/stm32f4xx_hal_uart.o
                0x0800bee8                HAL_UART_Init
 .text.HAL_UART_Transmit
                0x0800bf88      0x116 ./Drivers/STM32F4xx_HAL_Driver/Src/stm32f4xx_hal_uart.o
                0x0800bf88                HAL_UART_Transmit
 .text.HAL_UART_Receive_IT
                0x0800c09e       0x4a ./Drivers/STM32F4xx_HAL_Driver/Src/stm32f4xx_hal_uart.o
                0x0800c09e                HAL_UART_Receive_IT
 .text.HAL_UART_IRQHandler
                0x0800c0e8      0x554 ./Drivers/STM32F4xx_HAL_Driver/Src/stm32f4xx_hal_uart.o
                0x0800c0e8                HAL_UART_IRQHandler
 .text.HAL_UART_TxCpltCallback
                0x0800c63c       0x14 ./Drivers/STM32F4xx_HAL_Driver/Src/stm32f4xx_hal_uart.o
                0x0800c63c                HAL_UART_TxCpltCallback
 .text.HAL_UART_ErrorCallback
                0x0800c650       0x14 ./Drivers/STM32F4xx_HAL_Driver/Src/stm32f4xx_hal_uart.o
                0x0800c650                HAL_UART_ErrorCallback
 .text.HAL_UARTEx_RxEventCallback
                0x0800c664       0x18 ./Drivers/STM32F4xx_HAL_Driver/Src/stm32f4xx_hal_uart.o
                0x0800c664                HAL_UARTEx_RxEventCallback
 .text.UART_WaitOnFlagUntilTimeout
                0x0800c67c       0xb2 ./Drivers/STM32F4xx_HAL_Driver/Src/stm32f4xx_hal_uart.o
 .text.UART_Start_Receive_IT
                0x0800c72e       0x74 ./Drivers/STM32F4xx_HAL_Driver/Src/stm32f4xx_hal_uart.o
                0x0800c72e                UART_Start_Receive_IT
 .text.UART_EndRxTransfer
                0x0800c7a2       0xc6 ./Drivers/STM32F4xx_HAL_Driver/Src/stm32f4xx_hal_uart.o
 .text.UART_DMAAbortOnError
                0x0800c868       0x22 ./Drivers/STM32F4xx_HAL_Driver/Src/stm32f4xx_hal_uart.o
 .text.UART_Transmit_IT
                0x0800c88a       0xa0 ./Drivers/STM32F4xx_HAL_Driver/Src/stm32f4xx_hal_uart.o
 .text.UART_EndTransmit_IT
                0x0800c92a       0x30 ./Drivers/STM32F4xx_HAL_Driver/Src/stm32f4xx_hal_uart.o
 .text.UART_Receive_IT
                0x0800c95a      0x17c ./Drivers/STM32F4xx_HAL_Driver/Src/stm32f4xx_hal_uart.o
 *fill*         0x0800cad6        0x2 
 .text.UART_SetConfig
                0x0800cad8      0x4e8 ./Drivers/STM32F4xx_HAL_Driver/Src/stm32f4xx_hal_uart.o
 .text.ae_model_configure_activations
                0x0800cfc0      0x18c ./X-CUBE-AI/App/ae_model.o
 .text.ae_model_configure_weights
                0x0800d14c      0x20c ./X-CUBE-AI/App/ae_model.o
 .text.ai_ae_model_create
                0x0800d358       0x2c ./X-CUBE-AI/App/ae_model.o
                0x0800d358                ai_ae_model_create
 .text.ai_ae_model_inputs_get
                0x0800d384       0x34 ./X-CUBE-AI/App/ae_model.o
                0x0800d384                ai_ae_model_inputs_get
 .text.ai_ae_model_outputs_get
                0x0800d3b8       0x34 ./X-CUBE-AI/App/ae_model.o
                0x0800d3b8                ai_ae_model_outputs_get
 .text.ai_ae_model_init
                0x0800d3ec       0x78 ./X-CUBE-AI/App/ae_model.o
                0x0800d3ec                ai_ae_model_init
 .text.ai_ae_model_run
                0x0800d464       0x20 ./X-CUBE-AI/App/ae_model.o
                0x0800d464                ai_ae_model_run
 .text.ai_ae_model_data_activations_buffer_get
                0x0800d484       0x68 ./X-CUBE-AI/App/ae_model_data.o
                0x0800d484                ai_ae_model_data_activations_buffer_get
 .text.ai_ae_model_data_weights_buffer_get
                0x0800d4ec       0x68 ./X-CUBE-AI/App/ae_model_data.o
                0x0800d4ec                ai_ae_model_data_weights_buffer_get
 .text.ai_ae_model_data_weights_get
                0x0800d554       0x14 ./X-CUBE-AI/App/ae_model_data.o
                0x0800d554                ai_ae_model_data_weights_get
 .text.ai_buffer_get_size
                0x0800d568       0x64 ../Middlewares/ST/AI/Lib\NetworkRuntime1020_CM4_GCC.a(ai_platform.o)
                0x0800d568                ai_buffer_get_size
 .text.ai_buffer_array_sane
                0x0800d5cc       0x14 ../Middlewares/ST/AI/Lib\NetworkRuntime1020_CM4_GCC.a(ai_platform.o)
                0x0800d5cc                ai_buffer_array_sane
 .text.ai_platform_get_weights_map
                0x0800d5e0       0xa4 ../Middlewares/ST/AI/Lib\NetworkRuntime1020_CM4_GCC.a(ai_platform_interface.o)
                0x0800d5e0                ai_platform_get_weights_map
 .text.ai_platform_get_activations_map
                0x0800d684       0xa8 ../Middlewares/ST/AI/Lib\NetworkRuntime1020_CM4_GCC.a(ai_platform_interface.o)
                0x0800d684                ai_platform_get_activations_map
 .text.ai_platform_network_set_error
                0x0800d72c        0xc ../Middlewares/ST/AI/Lib\NetworkRuntime1020_CM4_GCC.a(ai_platform_interface.o)
                0x0800d72c                ai_platform_network_set_error
 .text.ai_platform_inputs_get
                0x0800d738       0xec ../Middlewares/ST/AI/Lib\NetworkRuntime1020_CM4_GCC.a(ai_platform_interface.o)
                0x0800d738                ai_platform_inputs_get
 .text.ai_platform_outputs_get
                0x0800d824       0xe4 ../Middlewares/ST/AI/Lib\NetworkRuntime1020_CM4_GCC.a(ai_platform_interface.o)
                0x0800d824                ai_platform_outputs_get
 .text.ai_platform_network_create
                0x0800d908       0x84 ../Middlewares/ST/AI/Lib\NetworkRuntime1020_CM4_GCC.a(ai_platform_interface.o)
                0x0800d908                ai_platform_network_create
 .text.ai_platform_network_init
                0x0800d98c      0x130 ../Middlewares/ST/AI/Lib\NetworkRuntime1020_CM4_GCC.a(ai_platform_interface.o)
                0x0800d98c                ai_platform_network_init
 .text.ai_platform_network_post_init
                0x0800dabc       0x5c ../Middlewares/ST/AI/Lib\NetworkRuntime1020_CM4_GCC.a(ai_platform_interface.o)
                0x0800dabc                ai_platform_network_post_init
 .text.ai_platform_network_process
                0x0800db18      0x438 ../Middlewares/ST/AI/Lib\NetworkRuntime1020_CM4_GCC.a(ai_platform_interface.o)
                0x0800db18                ai_platform_network_process
 .text.core_init
                0x0800df50        0x4 ../Middlewares/ST/AI/Lib\NetworkRuntime1020_CM4_GCC.a(core_common.o)
                0x0800df50                core_init
 .text.core_set_error
                0x0800df54       0x18 ../Middlewares/ST/AI/Lib\NetworkRuntime1020_CM4_GCC.a(core_common.o)
                0x0800df54                core_set_error
 .text.node_convert
                0x0800df6c      0x1d0 ../Middlewares/ST/AI/Lib\NetworkRuntime1020_CM4_GCC.a(core_convert.o)
                0x0800df6c                node_convert
 .text.ai_check_custom_types
                0x0800e13c       0x54 ../Middlewares/ST/AI/Lib\NetworkRuntime1020_CM4_GCC.a(layers.o)
                0x0800e13c                ai_check_custom_types
 .text.ai_layers_init_all
                0x0800e190       0x20 ../Middlewares/ST/AI/Lib\NetworkRuntime1020_CM4_GCC.a(layers.o)
                0x0800e190                ai_layers_init_all
 .text.ai_layers_post_init_all
                0x0800e1b0       0x3c ../Middlewares/ST/AI/Lib\NetworkRuntime1020_CM4_GCC.a(layers.o)
                0x0800e1b0                ai_layers_post_init_all
 .text.ai_layers_forward_all
                0x0800e1ec       0x90 ../Middlewares/ST/AI/Lib\NetworkRuntime1020_CM4_GCC.a(layers.o)
                0x0800e1ec                ai_layers_forward_all
 .text.forward_dense_integer_SSSA_ch
                0x0800e27c      0x200 ../Middlewares/ST/AI/Lib\NetworkRuntime1020_CM4_GCC.a(layers_conv2d_stm32_integer.o)
                0x0800e27c                forward_dense_integer_SSSA_ch
 .text.forward_lite_node_convert_integer_is8of32
                0x0800e47c        0x4 ../Middlewares/ST/AI/Lib\NetworkRuntime1020_CM4_GCC.a(forward_lite_convert.o)
                0x0800e47c                forward_lite_node_convert_integer_is8of32
 .text.forward_lite_node_convert_integer_iu8of32
                0x0800e480        0x4 ../Middlewares/ST/AI/Lib\NetworkRuntime1020_CM4_GCC.a(forward_lite_convert.o)
                0x0800e480                forward_lite_node_convert_integer_iu8of32
 .text.forward_lite_node_convert_integer_if32os8
                0x0800e484        0x4 ../Middlewares/ST/AI/Lib\NetworkRuntime1020_CM4_GCC.a(forward_lite_convert.o)
                0x0800e484                forward_lite_node_convert_integer_if32os8
 .text.forward_lite_node_convert_integer_if32ou8
                0x0800e488        0x4 ../Middlewares/ST/AI/Lib\NetworkRuntime1020_CM4_GCC.a(forward_lite_convert.o)
                0x0800e488                forward_lite_node_convert_integer_if32ou8
 .text.forward_lite_dense_is8os8ws8_ch
                0x0800e48c       0x7c ../Middlewares/ST/AI/Lib\NetworkRuntime1020_CM4_GCC.a(forward_lite_dense_is8os8ws8_ch.o)
                0x0800e48c                forward_lite_dense_is8os8ws8_ch
 .text.lite_convert_is8of32
                0x0800e508       0x24 ../Middlewares/ST/AI/Lib\NetworkRuntime1020_CM4_GCC.a(lite_convert_kernel.o)
                0x0800e508                lite_convert_is8of32
 .text.lite_convert_iu8of32
                0x0800e52c       0x24 ../Middlewares/ST/AI/Lib\NetworkRuntime1020_CM4_GCC.a(lite_convert_kernel.o)
                0x0800e52c                lite_convert_iu8of32
 .text.lite_convert_if32os8
                0x0800e550       0x6c ../Middlewares/ST/AI/Lib\NetworkRuntime1020_CM4_GCC.a(lite_convert_kernel.o)
                0x0800e550                lite_convert_if32os8
 .text.lite_convert_if32ou8
                0x0800e5bc       0x40 ../Middlewares/ST/AI/Lib\NetworkRuntime1020_CM4_GCC.a(lite_convert_kernel.o)
                0x0800e5bc                lite_convert_if32ou8
 .text.align_factor_ch
                0x0800e5fc       0x60 ../Middlewares/ST/AI/Lib\NetworkRuntime1020_CM4_GCC.a(st_align_factor.o)
                0x0800e5fc                align_factor_ch
 .text.st_f32_to_int16
                0x0800e65c      0x18c ../Middlewares/ST/AI/Lib\NetworkRuntime1020_CM4_GCC.a(st_f32_to_int16.o)
                0x0800e65c                st_f32_to_int16
 .text.st_f32_to_int8
                0x0800e7e8      0x1bc ../Middlewares/ST/AI/Lib\NetworkRuntime1020_CM4_GCC.a(st_f32_to_int8.o)
                0x0800e7e8                st_f32_to_int8
 .text.st_int16_to_f32
                0x0800e9a4       0xcc ../Middlewares/ST/AI/Lib\NetworkRuntime1020_CM4_GCC.a(st_int16_to_f32.o)
                0x0800e9a4                st_int16_to_f32
 .text.st_sssa8_ch_fully_connected
                0x0800ea70      0x514 ../Middlewares/ST/AI/Lib\NetworkRuntime1020_CM4_GCC.a(st_sssa8_ch_dense.o)
                0x0800ea70                st_sssa8_ch_fully_connected
 .text.st_int8_copy
                0x0800ef84      0x13c ../Middlewares/ST/AI/Lib\NetworkRuntime1020_CM4_GCC.a(st_int8_fill.o)
                0x0800ef84                st_int8_copy
 .text.st_int8_reordered_no_shift_zero
                0x0800f0c0       0x68 ../Middlewares/ST/AI/Lib\NetworkRuntime1020_CM4_GCC.a(st_int8_reordered_no_shift.o)
                0x0800f0c0                st_int8_reordered_no_shift_zero
 .text.st_int8_to_f32
                0x0800f128       0xc8 ../Middlewares/ST/AI/Lib\NetworkRuntime1020_CM4_GCC.a(st_int8_to_f32.o)
                0x0800f128                st_int8_to_f32
 .text.ai_array_to_buffer_fmt
                0x0800f1f0       0xe0 ../Middlewares/ST/AI/Lib\NetworkRuntime1020_CM4_GCC.a(ai_datatypes_format.o)
                0x0800f1f0                ai_array_to_buffer_fmt
 .text.ai_array_get_data_byte_size
                0x0800f2d0       0x24 ../Middlewares/ST/AI/Lib\NetworkRuntime1020_CM4_GCC.a(ai_datatypes_format.o)
                0x0800f2d0                ai_array_get_data_byte_size
 .text.ai_version_get
                0x0800f2f4        0xc ../Middlewares/ST/AI/Lib\NetworkRuntime1020_CM4_GCC.a(ai_datatypes_internal.o)
                0x0800f2f4                ai_version_get
 .text.get_tensor_byte_size
                0x0800f300       0x30 ../Middlewares/ST/AI/Lib\NetworkRuntime1020_CM4_GCC.a(ai_datatypes_internal.o)
                0x0800f300                get_tensor_byte_size
 .text.malloc   0x0800f330       0x10 C:/ST/STM32CubeIDE_1.19.0/STM32CubeIDE/plugins/com.st.stm32cube.ide.mcu.externaltools.gnu-tools-for-stm32.14.3.rel1.win32_1.0.100.202602081740/tools/bin/../lib/gcc/arm-none-eabi/14.3.1/../../../../arm-none-eabi/lib/thumb/v7e-m+fp/hard\libc_nano.a(libc_a-malloc.o)
                0x0800f330                malloc
 .text.sbrk_aligned
                0x0800f340       0x44 C:/ST/STM32CubeIDE_1.19.0/STM32CubeIDE/plugins/com.st.stm32cube.ide.mcu.externaltools.gnu-tools-for-stm32.14.3.rel1.win32_1.0.100.202602081740/tools/bin/../lib/gcc/arm-none-eabi/14.3.1/../../../../arm-none-eabi/lib/thumb/v7e-m+fp/hard\libc_nano.a(libc_a-mallocr.o)
 .text._malloc_r
                0x0800f384      0x100 C:/ST/STM32CubeIDE_1.19.0/STM32CubeIDE/plugins/com.st.stm32cube.ide.mcu.externaltools.gnu-tools-for-stm32.14.3.rel1.win32_1.0.100.202602081740/tools/bin/../lib/gcc/arm-none-eabi/14.3.1/../../../../arm-none-eabi/lib/thumb/v7e-m+fp/hard\libc_nano.a(libc_a-mallocr.o)
                0x0800f384                _malloc_r
 .text.__malloc_lock
                0x0800f484        0xc C:/ST/STM32CubeIDE_1.19.0/STM32CubeIDE/plugins/com.st.stm32cube.ide.mcu.externaltools.gnu-tools-for-stm32.14.3.rel1.win32_1.0.100.202602081740/tools/bin/../lib/gcc/arm-none-eabi/14.3.1/../../../../arm-none-eabi/lib/thumb/v7e-m+fp/hard\libc_nano.a(libc_a-mlock.o)
                0x0800f484                __malloc_lock
 .text.__malloc_unlock
                0x0800f490        0xc C:/ST/STM32CubeIDE_1.19.0/STM32CubeIDE/plugins/com.st.stm32cube.ide.mcu.externaltools.gnu-tools-for-stm32.14.3.rel1.win32_1.0.100.202602081740/tools/bin/../lib/gcc/arm-none-eabi/14.3.1/../../../../arm-none-eabi/lib/thumb/v7e-m+fp/hard\libc_nano.a(libc_a-mlock.o)
                0x0800f490                __malloc_unlock
 .text._realloc_r
                0x0800f49c       0x5c C:/ST/STM32CubeIDE_1.19.0/STM32CubeIDE/plugins/com.st.stm32cube.ide.mcu.externaltools.gnu-tools-for-stm32.14.3.rel1.win32_1.0.100.202602081740/tools/bin/../lib/gcc/arm-none-eabi/14.3.1/../../../../arm-none-eabi/lib/thumb/v7e-m+fp/hard\libc_nano.a(libc_a-reallocr.o)
                0x0800f49c                _realloc_r
 .text.__cvt    0x0800f4f8       0xca C:/ST/STM32CubeIDE_1.19.0/STM32CubeIDE/plugins/com.st.stm32cube.ide.mcu.externaltools.gnu-tools-for-stm32.14.3.rel1.win32_1.0.100.202602081740/tools/bin/../lib/gcc/arm-none-eabi/14.3.1/../../../../arm-none-eabi/lib/thumb/v7e-m+fp/hard\libc_nano.a(libc_a-nano-vfprintf_float.o)
                0x0800f4f8                __cvt
 .text.__exponent
                0x0800f5c2       0x74 C:/ST/STM32CubeIDE_1.19.0/STM32CubeIDE/plugins/com.st.stm32cube.ide.mcu.externaltools.gnu-tools-for-stm32.14.3.rel1.win32_1.0.100.202602081740/tools/bin/../lib/gcc/arm-none-eabi/14.3.1/../../../../arm-none-eabi/lib/thumb/v7e-m+fp/hard\libc_nano.a(libc_a-nano-vfprintf_float.o)
                0x0800f5c2                __exponent
 *fill*         0x0800f636        0x2 
 .text._printf_float
                0x0800f638      0x450 C:/ST/STM32CubeIDE_1.19.0/STM32CubeIDE/plugins/com.st.stm32cube.ide.mcu.externaltools.gnu-tools-for-stm32.14.3.rel1.win32_1.0.100.202602081740/tools/bin/../lib/gcc/arm-none-eabi/14.3.1/../../../../arm-none-eabi/lib/thumb/v7e-m+fp/hard\libc_nano.a(libc_a-nano-vfprintf_float.o)
                0x0800f638                _printf_float
 .text._printf_common
                0x0800fa88       0xda C:/ST/STM32CubeIDE_1.19.0/STM32CubeIDE/plugins/com.st.stm32cube.ide.mcu.externaltools.gnu-tools-for-stm32.14.3.rel1.win32_1.0.100.202602081740/tools/bin/../lib/gcc/arm-none-eabi/14.3.1/../../../../arm-none-eabi/lib/thumb/v7e-m+fp/hard\libc_nano.a(libc_a-nano-vfprintf_i.o)
                0x0800fa88                _printf_common
 *fill*         0x0800fb62        0x2 
 .text._printf_i
                0x0800fb64      0x24c C:/ST/STM32CubeIDE_1.19.0/STM32CubeIDE/plugins/com.st.stm32cube.ide.mcu.externaltools.gnu-tools-for-stm32.14.3.rel1.win32_1.0.100.202602081740/tools/bin/../lib/gcc/arm-none-eabi/14.3.1/../../../../arm-none-eabi/lib/thumb/v7e-m+fp/hard\libc_nano.a(libc_a-nano-vfprintf_i.o)
                0x0800fb64                _printf_i
 .text.std      0x0800fdb0       0x6c C:/ST/STM32CubeIDE_1.19.0/STM32CubeIDE/plugins/com.st.stm32cube.ide.mcu.externaltools.gnu-tools-for-stm32.14.3.rel1.win32_1.0.100.202602081740/tools/bin/../lib/gcc/arm-none-eabi/14.3.1/../../../../arm-none-eabi/lib/thumb/v7e-m+fp/hard\libc_nano.a(libc_a-findfp.o)
 .text.stdio_exit_handler
                0x0800fe1c       0x18 C:/ST/STM32CubeIDE_1.19.0/STM32CubeIDE/plugins/com.st.stm32cube.ide.mcu.externaltools.gnu-tools-for-stm32.14.3.rel1.win32_1.0.100.202602081740/tools/bin/../lib/gcc/arm-none-eabi/14.3.1/../../../../arm-none-eabi/lib/thumb/v7e-m+fp/hard\libc_nano.a(libc_a-findfp.o)
 .text.cleanup_stdio
                0x0800fe34       0x40 C:/ST/STM32CubeIDE_1.19.0/STM32CubeIDE/plugins/com.st.stm32cube.ide.mcu.externaltools.gnu-tools-for-stm32.14.3.rel1.win32_1.0.100.202602081740/tools/bin/../lib/gcc/arm-none-eabi/14.3.1/../../../../arm-none-eabi/lib/thumb/v7e-m+fp/hard\libc_nano.a(libc_a-findfp.o)
 .text.global_stdio_init.part.0
                0x0800fe74       0x40 C:/ST/STM32CubeIDE_1.19.0/STM32CubeIDE/plugins/com.st.stm32cube.ide.mcu.externaltools.gnu-tools-for-stm32.14.3.rel1.win32_1.0.100.202602081740/tools/bin/../lib/gcc/arm-none-eabi/14.3.1/../../../../arm-none-eabi/lib/thumb/v7e-m+fp/hard\libc_nano.a(libc_a-findfp.o)
 .text.__sfp_lock_acquire
                0x0800feb4        0xc C:/ST/STM32CubeIDE_1.19.0/STM32CubeIDE/plugins/com.st.stm32cube.ide.mcu.externaltools.gnu-tools-for-stm32.14.3.rel1.win32_1.0.100.202602081740/tools/bin/../lib/gcc/arm-none-eabi/14.3.1/../../../../arm-none-eabi/lib/thumb/v7e-m+fp/hard\libc_nano.a(libc_a-findfp.o)
                0x0800feb4                __sfp_lock_acquire
 .text.__sfp_lock_release
                0x0800fec0        0xc C:/ST/STM32CubeIDE_1.19.0/STM32CubeIDE/plugins/com.st.stm32cube.ide.mcu.externaltools.gnu-tools-for-stm32.14.3.rel1.win32_1.0.100.202602081740/tools/bin/../lib/gcc/arm-none-eabi/14.3.1/../../../../arm-none-eabi/lib/thumb/v7e-m+fp/hard\libc_nano.a(libc_a-findfp.o)
                0x0800fec0                __sfp_lock_release
 .text.__sinit  0x0800fecc       0x30 C:/ST/STM32CubeIDE_1.19.0/STM32CubeIDE/plugins/com.st.stm32cube.ide.mcu.externaltools.gnu-tools-for-stm32.14.3.rel1.win32_1.0.100.202602081740/tools/bin/../lib/gcc/arm-none-eabi/14.3.1/../../../../arm-none-eabi/lib/thumb/v7e-m+fp/hard\libc_nano.a(libc_a-findfp.o)
                0x0800fecc                __sinit
 .text._fwalk_sglue
                0x0800fefc       0x3c C:/ST/STM32CubeIDE_1.19.0/STM32CubeIDE/plugins/com.st.stm32cube.ide.mcu.externaltools.gnu-tools-for-stm32.14.3.rel1.win32_1.0.100.202602081740/tools/bin/../lib/gcc/arm-none-eabi/14.3.1/../../../../arm-none-eabi/lib/thumb/v7e-m+fp/hard\libc_nano.a(libc_a-fwalk.o)
                0x0800fefc                _fwalk_sglue
 .text.printf   0x0800ff38       0x24 C:/ST/STM32CubeIDE_1.19.0/STM32CubeIDE/plugins/com.st.stm32cube.ide.mcu.externaltools.gnu-tools-for-stm32.14.3.rel1.win32_1.0.100.202602081740/tools/bin/../lib/gcc/arm-none-eabi/14.3.1/../../../../arm-none-eabi/lib/thumb/v7e-m+fp/hard\libc_nano.a(libc_a-printf.o)
                0x0800ff38                iprintf
                0x0800ff38                printf
 .text._puts_r  0x0800ff5c       0xaa C:/ST/STM32CubeIDE_1.19.0/STM32CubeIDE/plugins/com.st.stm32cube.ide.mcu.externaltools.gnu-tools-for-stm32.14.3.rel1.win32_1.0.100.202602081740/tools/bin/../lib/gcc/arm-none-eabi/14.3.1/../../../../arm-none-eabi/lib/thumb/v7e-m+fp/hard\libc_nano.a(libc_a-puts.o)
                0x0800ff5c                _puts_r
 *fill*         0x08010006        0x2 
 .text.puts     0x08010008       0x10 C:/ST/STM32CubeIDE_1.19.0/STM32CubeIDE/plugins/com.st.stm32cube.ide.mcu.externaltools.gnu-tools-for-stm32.14.3.rel1.win32_1.0.100.202602081740/tools/bin/../lib/gcc/arm-none-eabi/14.3.1/../../../../arm-none-eabi/lib/thumb/v7e-m+fp/hard\libc_nano.a(libc_a-puts.o)
                0x08010008                puts
 .text.sprintf  0x08010018       0x44 C:/ST/STM32CubeIDE_1.19.0/STM32CubeIDE/plugins/com.st.stm32cube.ide.mcu.externaltools.gnu-tools-for-stm32.14.3.rel1.win32_1.0.100.202602081740/tools/bin/../lib/gcc/arm-none-eabi/14.3.1/../../../../arm-none-eabi/lib/thumb/v7e-m+fp/hard\libc_nano.a(libc_a-sprintf.o)
                0x08010018                siprintf
                0x08010018                sprintf
 .text.__sread  0x0801005c       0x22 C:/ST/STM32CubeIDE_1.19.0/STM32CubeIDE/plugins/com.st.stm32cube.ide.mcu.externaltools.gnu-tools-for-stm32.14.3.rel1.win32_1.0.100.202602081740/tools/bin/../lib/gcc/arm-none-eabi/14.3.1/../../../../arm-none-eabi/lib/thumb/v7e-m+fp/hard\libc_nano.a(libc_a-stdio.o)
                0x0801005c                __sread
 .text.__swrite
                0x0801007e       0x38 C:/ST/STM32CubeIDE_1.19.0/STM32CubeIDE/plugins/com.st.stm32cube.ide.mcu.externaltools.gnu-tools-for-stm32.14.3.rel1.win32_1.0.100.202602081740/tools/bin/../lib/gcc/arm-none-eabi/14.3.1/../../../../arm-none-eabi/lib/thumb/v7e-m+fp/hard\libc_nano.a(libc_a-stdio.o)
                0x0801007e                __swrite
 .text.__sseek  0x080100b6       0x26 C:/ST/STM32CubeIDE_1.19.0/STM32CubeIDE/plugins/com.st.stm32cube.ide.mcu.externaltools.gnu-tools-for-stm32.14.3.rel1.win32_1.0.100.202602081740/tools/bin/../lib/gcc/arm-none-eabi/14.3.1/../../../../arm-none-eabi/lib/thumb/v7e-m+fp/hard\libc_nano.a(libc_a-stdio.o)
                0x080100b6                __sseek
 .text.__sclose
                0x080100dc        0x8 C:/ST/STM32CubeIDE_1.19.0/STM32CubeIDE/plugins/com.st.stm32cube.ide.mcu.externaltools.gnu-tools-for-stm32.14.3.rel1.win32_1.0.100.202602081740/tools/bin/../lib/gcc/arm-none-eabi/14.3.1/../../../../arm-none-eabi/lib/thumb/v7e-m+fp/hard\libc_nano.a(libc_a-stdio.o)
                0x080100dc                __sclose
 .text.__swbuf_r
                0x080100e4       0x7c C:/ST/STM32CubeIDE_1.19.0/STM32CubeIDE/plugins/com.st.stm32cube.ide.mcu.externaltools.gnu-tools-for-stm32.14.3.rel1.win32_1.0.100.202602081740/tools/bin/../lib/gcc/arm-none-eabi/14.3.1/../../../../arm-none-eabi/lib/thumb/v7e-m+fp/hard\libc_nano.a(libc_a-wbuf.o)
                0x080100e4                __swbuf_r
 .text.__swsetup_r
                0x08010160       0xa8 C:/ST/STM32CubeIDE_1.19.0/STM32CubeIDE/plugins/com.st.stm32cube.ide.mcu.externaltools.gnu-tools-for-stm32.14.3.rel1.win32_1.0.100.202602081740/tools/bin/../lib/gcc/arm-none-eabi/14.3.1/../../../../arm-none-eabi/lib/thumb/v7e-m+fp/hard\libc_nano.a(libc_a-wsetup.o)
                0x08010160                __swsetup_r
 .text.memset   0x08010208       0x10 C:/ST/STM32CubeIDE_1.19.0/STM32CubeIDE/plugins/com.st.stm32cube.ide.mcu.externaltools.gnu-tools-for-stm32.14.3.rel1.win32_1.0.100.202602081740/tools/bin/../lib/gcc/arm-none-eabi/14.3.1/../../../../arm-none-eabi/lib/thumb/v7e-m+fp/hard\libc_nano.a(libc_a-memset.o)
                0x08010208                memset
 .text._localeconv_r
                0x08010218        0x8 C:/ST/STM32CubeIDE_1.19.0/STM32CubeIDE/plugins/com.st.stm32cube.ide.mcu.externaltools.gnu-tools-for-stm32.14.3.rel1.win32_1.0.100.202602081740/tools/bin/../lib/gcc/arm-none-eabi/14.3.1/../../../../arm-none-eabi/lib/thumb/v7e-m+fp/hard\libc_nano.a(libc_a-localeconv.o)
                0x08010218                _localeconv_r
 .text._close_r
                0x08010220       0x20 C:/ST/STM32CubeIDE_1.19.0/STM32CubeIDE/plugins/com.st.stm32cube.ide.mcu.externaltools.gnu-tools-for-stm32.14.3.rel1.win32_1.0.100.202602081740/tools/bin/../lib/gcc/arm-none-eabi/14.3.1/../../../../arm-none-eabi/lib/thumb/v7e-m+fp/hard\libc_nano.a(libc_a-closer.o)
                0x08010220                _close_r
 .text._lseek_r
                0x08010240       0x24 C:/ST/STM32CubeIDE_1.19.0/STM32CubeIDE/plugins/com.st.stm32cube.ide.mcu.externaltools.gnu-tools-for-stm32.14.3.rel1.win32_1.0.100.202602081740/tools/bin/../lib/gcc/arm-none-eabi/14.3.1/../../../../arm-none-eabi/lib/thumb/v7e-m+fp/hard\libc_nano.a(libc_a-lseekr.o)
                0x08010240                _lseek_r
 .text._read_r  0x08010264       0x24 C:/ST/STM32CubeIDE_1.19.0/STM32CubeIDE/plugins/com.st.stm32cube.ide.mcu.externaltools.gnu-tools-for-stm32.14.3.rel1.win32_1.0.100.202602081740/tools/bin/../lib/gcc/arm-none-eabi/14.3.1/../../../../arm-none-eabi/lib/thumb/v7e-m+fp/hard\libc_nano.a(libc_a-readr.o)
                0x08010264                _read_r
 .text._sbrk_r  0x08010288       0x20 C:/ST/STM32CubeIDE_1.19.0/STM32CubeIDE/plugins/com.st.stm32cube.ide.mcu.externaltools.gnu-tools-for-stm32.14.3.rel1.win32_1.0.100.202602081740/tools/bin/../lib/gcc/arm-none-eabi/14.3.1/../../../../arm-none-eabi/lib/thumb/v7e-m+fp/hard\libc_nano.a(libc_a-sbrkr.o)
                0x08010288                _sbrk_r
 .text._write_r
                0x080102a8       0x24 C:/ST/STM32CubeIDE_1.19.0/STM32CubeIDE/plugins/com.st.stm32cube.ide.mcu.externaltools.gnu-tools-for-stm32.14.3.rel1.win32_1.0.100.202602081740/tools/bin/../lib/gcc/arm-none-eabi/14.3.1/../../../../arm-none-eabi/lib/thumb/v7e-m+fp/hard\libc_nano.a(libc_a-writer.o)
                0x080102a8                _write_r
 .text.__errno  0x080102cc        0xc C:/ST/STM32CubeIDE_1.19.0/STM32CubeIDE/plugins/com.st.stm32cube.ide.mcu.externaltools.gnu-tools-for-stm32.14.3.rel1.win32_1.0.100.202602081740/tools/bin/../lib/gcc/arm-none-eabi/14.3.1/../../../../arm-none-eabi/lib/thumb/v7e-m+fp/hard\libc_nano.a(libc_a-errno.o)
                0x080102cc                __errno
 .text.__libc_init_array
                0x080102d8       0x48 C:/ST/STM32CubeIDE_1.19.0/STM32CubeIDE/plugins/com.st.stm32cube.ide.mcu.externaltools.gnu-tools-for-stm32.14.3.rel1.win32_1.0.100.202602081740/tools/bin/../lib/gcc/arm-none-eabi/14.3.1/../../../../arm-none-eabi/lib/thumb/v7e-m+fp/hard\libc_nano.a(libc_a-init.o)
                0x080102d8                __libc_init_array
 .text.__retarget_lock_init_recursive
                0x08010320        0x2 C:/ST/STM32CubeIDE_1.19.0/STM32CubeIDE/plugins/com.st.stm32cube.ide.mcu.externaltools.gnu-tools-for-stm32.14.3.rel1.win32_1.0.100.202602081740/tools/bin/../lib/gcc/arm-none-eabi/14.3.1/../../../../arm-none-eabi/lib/thumb/v7e-m+fp/hard\libc_nano.a(libc_a-lock.o)
                0x08010320                __retarget_lock_init_recursive
 .text.__retarget_lock_acquire_recursive
                0x08010322        0x2 C:/ST/STM32CubeIDE_1.19.0/STM32CubeIDE/plugins/com.st.stm32cube.ide.mcu.externaltools.gnu-tools-for-stm32.14.3.rel1.win32_1.0.100.202602081740/tools/bin/../lib/gcc/arm-none-eabi/14.3.1/../../../../arm-none-eabi/lib/thumb/v7e-m+fp/hard\libc_nano.a(libc_a-lock.o)
                0x08010322                __retarget_lock_acquire_recursive
 .text.__retarget_lock_release_recursive
                0x08010324        0x2 C:/ST/STM32CubeIDE_1.19.0/STM32CubeIDE/plugins/com.st.stm32cube.ide.mcu.externaltools.gnu-tools-for-stm32.14.3.rel1.win32_1.0.100.202602081740/tools/bin/../lib/gcc/arm-none-eabi/14.3.1/../../../../arm-none-eabi/lib/thumb/v7e-m+fp/hard\libc_nano.a(libc_a-lock.o)
                0x08010324                __retarget_lock_release_recursive
 .text.memcpy   0x08010326       0x1c C:/ST/STM32CubeIDE_1.19.0/STM32CubeIDE/plugins/com.st.stm32cube.ide.mcu.externaltools.gnu-tools-for-stm32.14.3.rel1.win32_1.0.100.202602081740/tools/bin/../lib/gcc/arm-none-eabi/14.3.1/../../../../arm-none-eabi/lib/thumb/v7e-m+fp/hard\libc_nano.a(libc_a-memcpy-stub.o)
                0x08010326                memcpy
 .text.quorem   0x08010342      0x110 C:/ST/STM32CubeIDE_1.19.0/STM32CubeIDE/plugins/com.st.stm32cube.ide.mcu.externaltools.gnu-tools-for-stm32.14.3.rel1.win32_1.0.100.202602081740/tools/bin/../lib/gcc/arm-none-eabi/14.3.1/../../../../arm-none-eabi/lib/thumb/v7e-m+fp/hard\libc_nano.a(libc_a-dtoa.o)
 *fill*         0x08010452        0x6 
 .text._dtoa_r  0x08010458      0xbb8 C:/ST/STM32CubeIDE_1.19.0/STM32CubeIDE/plugins/com.st.stm32cube.ide.mcu.externaltools.gnu-tools-for-stm32.14.3.rel1.win32_1.0.100.202602081740/tools/bin/../lib/gcc/arm-none-eabi/14.3.1/../../../../arm-none-eabi/lib/thumb/v7e-m+fp/hard\libc_nano.a(libc_a-dtoa.o)
                0x08010458                _dtoa_r
 .text._free_r  0x08011010       0x94 C:/ST/STM32CubeIDE_1.19.0/STM32CubeIDE/plugins/com.st.stm32cube.ide.mcu.externaltools.gnu-tools-for-stm32.14.3.rel1.win32_1.0.100.202602081740/tools/bin/../lib/gcc/arm-none-eabi/14.3.1/../../../../arm-none-eabi/lib/thumb/v7e-m+fp/hard\libc_nano.a(libc_a-freer.o)
                0x08011010                _free_r
 .text._Balloc  0x080110a4       0x7c C:/ST/STM32CubeIDE_1.19.0/STM32CubeIDE/plugins/com.st.stm32cube.ide.mcu.externaltools.gnu-tools-for-stm32.14.3.rel1.win32_1.0.100.202602081740/tools/bin/../lib/gcc/arm-none-eabi/14.3.1/../../../../arm-none-eabi/lib/thumb/v7e-m+fp/hard\libc_nano.a(libc_a-mprec.o)
                0x080110a4                _Balloc
 .text._Bfree   0x08011120       0x44 C:/ST/STM32CubeIDE_1.19.0/STM32CubeIDE/plugins/com.st.stm32cube.ide.mcu.externaltools.gnu-tools-for-stm32.14.3.rel1.win32_1.0.100.202602081740/tools/bin/../lib/gcc/arm-none-eabi/14.3.1/../../../../arm-none-eabi/lib/thumb/v7e-m+fp/hard\libc_nano.a(libc_a-mprec.o)
                0x08011120                _Bfree
 .text.__multadd
                0x08011164       0x8c C:/ST/STM32CubeIDE_1.19.0/STM32CubeIDE/plugins/com.st.stm32cube.ide.mcu.externaltools.gnu-tools-for-stm32.14.3.rel1.win32_1.0.100.202602081740/tools/bin/../lib/gcc/arm-none-eabi/14.3.1/../../../../arm-none-eabi/lib/thumb/v7e-m+fp/hard\libc_nano.a(libc_a-mprec.o)
                0x08011164                __multadd
 .text.__hi0bits
                0x080111f0       0x3e C:/ST/STM32CubeIDE_1.19.0/STM32CubeIDE/plugins/com.st.stm32cube.ide.mcu.externaltools.gnu-tools-for-stm32.14.3.rel1.win32_1.0.100.202602081740/tools/bin/../lib/gcc/arm-none-eabi/14.3.1/../../../../arm-none-eabi/lib/thumb/v7e-m+fp/hard\libc_nano.a(libc_a-mprec.o)
                0x080111f0                __hi0bits
 .text.__lo0bits
                0x0801122e       0x5a C:/ST/STM32CubeIDE_1.19.0/STM32CubeIDE/plugins/com.st.stm32cube.ide.mcu.externaltools.gnu-tools-for-stm32.14.3.rel1.win32_1.0.100.202602081740/tools/bin/../lib/gcc/arm-none-eabi/14.3.1/../../../../arm-none-eabi/lib/thumb/v7e-m+fp/hard\libc_nano.a(libc_a-mprec.o)
                0x0801122e                __lo0bits
 .text.__i2b    0x08011288       0x2c C:/ST/STM32CubeIDE_1.19.0/STM32CubeIDE/plugins/com.st.stm32cube.ide.mcu.externaltools.gnu-tools-for-stm32.14.3.rel1.win32_1.0.100.202602081740/tools/bin/../lib/gcc/arm-none-eabi/14.3.1/../../../../arm-none-eabi/lib/thumb/v7e-m+fp/hard\libc_nano.a(libc_a-mprec.o)
                0x08011288                __i2b
 .text.__multiply
                0x080112b4      0x154 C:/ST/STM32CubeIDE_1.19.0/STM32CubeIDE/plugins/com.st.stm32cube.ide.mcu.externaltools.gnu-tools-for-stm32.14.3.rel1.win32_1.0.100.202602081740/tools/bin/../lib/gcc/arm-none-eabi/14.3.1/../../../../arm-none-eabi/lib/thumb/v7e-m+fp/hard\libc_nano.a(libc_a-mprec.o)
                0x080112b4                __multiply
 .text.__pow5mult
                0x08011408       0xb8 C:/ST/STM32CubeIDE_1.19.0/STM32CubeIDE/plugins/com.st.stm32cube.ide.mcu.externaltools.gnu-tools-for-stm32.14.3.rel1.win32_1.0.100.202602081740/tools/bin/../lib/gcc/arm-none-eabi/14.3.1/../../../../arm-none-eabi/lib/thumb/v7e-m+fp/hard\libc_nano.a(libc_a-mprec.o)
                0x08011408                __pow5mult
 .text.__lshift
                0x080114c0       0xdc C:/ST/STM32CubeIDE_1.19.0/STM32CubeIDE/plugins/com.st.stm32cube.ide.mcu.externaltools.gnu-tools-for-stm32.14.3.rel1.win32_1.0.100.202602081740/tools/bin/../lib/gcc/arm-none-eabi/14.3.1/../../../../arm-none-eabi/lib/thumb/v7e-m+fp/hard\libc_nano.a(libc_a-mprec.o)
                0x080114c0                __lshift
 .text.__mcmp   0x0801159c       0x36 C:/ST/STM32CubeIDE_1.19.0/STM32CubeIDE/plugins/com.st.stm32cube.ide.mcu.externaltools.gnu-tools-for-stm32.14.3.rel1.win32_1.0.100.202602081740/tools/bin/../lib/gcc/arm-none-eabi/14.3.1/../../../../arm-none-eabi/lib/thumb/v7e-m+fp/hard\libc_nano.a(libc_a-mprec.o)
                0x0801159c                __mcmp
 *fill*         0x080115d2        0x2 
 .text.__mdiff  0x080115d4      0x130 C:/ST/STM32CubeIDE_1.19.0/STM32CubeIDE/plugins/com.st.stm32cube.ide.mcu.externaltools.gnu-tools-for-stm32.14.3.rel1.win32_1.0.100.202602081740/tools/bin/../lib/gcc/arm-none-eabi/14.3.1/../../../../arm-none-eabi/lib/thumb/v7e-m+fp/hard\libc_nano.a(libc_a-mprec.o)
                0x080115d4                __mdiff
 .text.__d2b    0x08011704       0xb0 C:/ST/STM32CubeIDE_1.19.0/STM32CubeIDE/plugins/com.st.stm32cube.ide.mcu.externaltools.gnu-tools-for-stm32.14.3.rel1.win32_1.0.100.202602081740/tools/bin/../lib/gcc/arm-none-eabi/14.3.1/../../../../arm-none-eabi/lib/thumb/v7e-m+fp/hard\libc_nano.a(libc_a-mprec.o)
                0x08011704                __d2b
 .text._malloc_usable_size_r
                0x080117b4       0x10 C:/ST/STM32CubeIDE_1.19.0/STM32CubeIDE/plugins/com.st.stm32cube.ide.mcu.externaltools.gnu-tools-for-stm32.14.3.rel1.win32_1.0.100.202602081740/tools/bin/../lib/gcc/arm-none-eabi/14.3.1/../../../../arm-none-eabi/lib/thumb/v7e-m+fp/hard\libc_nano.a(libc_a-msizer.o)
                0x080117b4                _malloc_usable_size_r
 .text.__ssputs_r
                0x080117c4       0xc0 C:/ST/STM32CubeIDE_1.19.0/STM32CubeIDE/plugins/com.st.stm32cube.ide.mcu.externaltools.gnu-tools-for-stm32.14.3.rel1.win32_1.0.100.202602081740/tools/bin/../lib/gcc/arm-none-eabi/14.3.1/../../../../arm-none-eabi/lib/thumb/v7e-m+fp/hard\libc_nano.a(libc_a-nano-svfprintf.o)
                0x080117c4                __ssputs_r
 .text._svfprintf_r
                0x08011884      0x1f0 C:/ST/STM32CubeIDE_1.19.0/STM32CubeIDE/plugins/com.st.stm32cube.ide.mcu.externaltools.gnu-tools-for-stm32.14.3.rel1.win32_1.0.100.202602081740/tools/bin/../lib/gcc/arm-none-eabi/14.3.1/../../../../arm-none-eabi/lib/thumb/v7e-m+fp/hard\libc_nano.a(libc_a-nano-svfprintf.o)
                0x08011884                _svfiprintf_r
                0x08011884                _svfprintf_r
 .text.__sfputc_r
                0x08011a74       0x2e C:/ST/STM32CubeIDE_1.19.0/STM32CubeIDE/plugins/com.st.stm32cube.ide.mcu.externaltools.gnu-tools-for-stm32.14.3.rel1.win32_1.0.100.202602081740/tools/bin/../lib/gcc/arm-none-eabi/14.3.1/../../../../arm-none-eabi/lib/thumb/v7e-m+fp/hard\libc_nano.a(libc_a-nano-vfprintf.o)
 .text.__sfputs_r
                0x08011aa2       0x24 C:/ST/STM32CubeIDE_1.19.0/STM32CubeIDE/plugins/com.st.stm32cube.ide.mcu.externaltools.gnu-tools-for-stm32.14.3.rel1.win32_1.0.100.202602081740/tools/bin/../lib/gcc/arm-none-eabi/14.3.1/../../../../arm-none-eabi/lib/thumb/v7e-m+fp/hard\libc_nano.a(libc_a-nano-vfprintf.o)
                0x08011aa2                __sfputs_r
 *fill*         0x08011ac6        0x2 
 .text._vfprintf_r
                0x08011ac8      0x228 C:/ST/STM32CubeIDE_1.19.0/STM32CubeIDE/plugins/com.st.stm32cube.ide.mcu.externaltools.gnu-tools-for-stm32.14.3.rel1.win32_1.0.100.202602081740/tools/bin/../lib/gcc/arm-none-eabi/14.3.1/../../../../arm-none-eabi/lib/thumb/v7e-m+fp/hard\libc_nano.a(libc_a-nano-vfprintf.o)
                0x08011ac8                _vfprintf_r
                0x08011ac8                _vfiprintf_r
 .text.__sflush_r
                0x08011cf0      0x104 C:/ST/STM32CubeIDE_1.19.0/STM32CubeIDE/plugins/com.st.stm32cube.ide.mcu.externaltools.gnu-tools-for-stm32.14.3.rel1.win32_1.0.100.202602081740/tools/bin/../lib/gcc/arm-none-eabi/14.3.1/../../../../arm-none-eabi/lib/thumb/v7e-m+fp/hard\libc_nano.a(libc_a-fflush.o)
                0x08011cf0                __sflush_r
 .text._fflush_r
                0x08011df4       0x50 C:/ST/STM32CubeIDE_1.19.0/STM32CubeIDE/plugins/com.st.stm32cube.ide.mcu.externaltools.gnu-tools-for-stm32.14.3.rel1.win32_1.0.100.202602081740/tools/bin/../lib/gcc/arm-none-eabi/14.3.1/../../../../arm-none-eabi/lib/thumb/v7e-m+fp/hard\libc_nano.a(libc_a-fflush.o)
                0x08011df4                _fflush_r
 .text.__swhatbuf_r
                0x08011e44       0x48 C:/ST/STM32CubeIDE_1.19.0/STM32CubeIDE/plugins/com.st.stm32cube.ide.mcu.externaltools.gnu-tools-for-stm32.14.3.rel1.win32_1.0.100.202602081740/tools/bin/../lib/gcc/arm-none-eabi/14.3.1/../../../../arm-none-eabi/lib/thumb/v7e-m+fp/hard\libc_nano.a(libc_a-makebuf.o)
                0x08011e44                __swhatbuf_r
 .text.__smakebuf_r
                0x08011e8c       0x72 C:/ST/STM32CubeIDE_1.19.0/STM32CubeIDE/plugins/com.st.stm32cube.ide.mcu.externaltools.gnu-tools-for-stm32.14.3.rel1.win32_1.0.100.202602081740/tools/bin/../lib/gcc/arm-none-eabi/14.3.1/../../../../arm-none-eabi/lib/thumb/v7e-m+fp/hard\libc_nano.a(libc_a-makebuf.o)
                0x08011e8c                __smakebuf_r
 .text.memmove  0x08011efe       0x32 C:/ST/STM32CubeIDE_1.19.0/STM32CubeIDE/plugins/com.st.stm32cube.ide.mcu.externaltools.gnu-tools-for-stm32.14.3.rel1.win32_1.0.100.202602081740/tools/bin/../lib/gcc/arm-none-eabi/14.3.1/../../../../arm-none-eabi/lib/thumb/v7e-m+fp/hard\libc_nano.a(libc_a-memmove.o)
                0x08011efe                memmove
 .text._fstat_r
                0x08011f30       0x24 C:/ST/STM32CubeIDE_1.19.0/STM32CubeIDE/plugins/com.st.stm32cube.ide.mcu.externaltools.gnu-tools-for-stm32.14.3.rel1.win32_1.0.100.202602081740/tools/bin/../lib/gcc/arm-none-eabi/14.3.1/../../../../arm-none-eabi/lib/thumb/v7e-m+fp/hard\libc_nano.a(libc_a-fstatr.o)
                0x08011f30                _fstat_r
 .text._isatty_r
                0x08011f54       0x20 C:/ST/STM32CubeIDE_1.19.0/STM32CubeIDE/plugins/com.st.stm32cube.ide.mcu.externaltools.gnu-tools-for-stm32.14.3.rel1.win32_1.0.100.202602081740/tools/bin/../lib/gcc/arm-none-eabi/14.3.1/../../../../arm-none-eabi/lib/thumb/v7e-m+fp/hard\libc_nano.a(libc_a-isattyr.o)
                0x08011f54                _isatty_r
 .text.__assert_func
                0x08011f74       0x3c C:/ST/STM32CubeIDE_1.19.0/STM32CubeIDE/plugins/com.st.stm32cube.ide.mcu.externaltools.gnu-tools-for-stm32.14.3.rel1.win32_1.0.100.202602081740/tools/bin/../lib/gcc/arm-none-eabi/14.3.1/../../../../arm-none-eabi/lib/thumb/v7e-m+fp/hard\libc_nano.a(libc_a-assert.o)
                0x08011f74                __assert_func
 .text._calloc_r
                0x08011fb0       0x28 C:/ST/STM32CubeIDE_1.19.0/STM32CubeIDE/plugins/com.st.stm32cube.ide.mcu.externaltools.gnu-tools-for-stm32.14.3.rel1.win32_1.0.100.202602081740/tools/bin/../lib/gcc/arm-none-eabi/14.3.1/../../../../arm-none-eabi/lib/thumb/v7e-m+fp/hard\libc_nano.a(libc_a-callocr.o)
                0x08011fb0                _calloc_r
 .text.__ascii_mbtowc
                0x08011fd8       0x24 C:/ST/STM32CubeIDE_1.19.0/STM32CubeIDE/plugins/com.st.stm32cube.ide.mcu.externaltools.gnu-tools-for-stm32.14.3.rel1.win32_1.0.100.202602081740/tools/bin/../lib/gcc/arm-none-eabi/14.3.1/../../../../arm-none-eabi/lib/thumb/v7e-m+fp/hard\libc_nano.a(libc_a-mbtowc_r.o)
                0x08011fd8                __ascii_mbtowc
 .text.__ascii_wctomb
                0x08011ffc       0x1a C:/ST/STM32CubeIDE_1.19.0/STM32CubeIDE/plugins/com.st.stm32cube.ide.mcu.externaltools.gnu-tools-for-stm32.14.3.rel1.win32_1.0.100.202602081740/tools/bin/../lib/gcc/arm-none-eabi/14.3.1/../../../../arm-none-eabi/lib/thumb/v7e-m+fp/hard\libc_nano.a(libc_a-wctomb_r.o)
                0x08011ffc                __ascii_wctomb
 *fill*         0x08012016        0x2 
 .text.fprintf  0x08012018       0x24 C:/ST/STM32CubeIDE_1.19.0/STM32CubeIDE/plugins/com.st.stm32cube.ide.mcu.externaltools.gnu-tools-for-stm32.14.3.rel1.win32_1.0.100.202602081740/tools/bin/../lib/gcc/arm-none-eabi/14.3.1/../../../../arm-none-eabi/lib/thumb/v7e-m+fp/hard\libc_nano.a(libc_a-fprintf.o)
                0x08012018                fiprintf
                0x08012018                fprintf
 .text.abort    0x0801203c        0xe C:/ST/STM32CubeIDE_1.19.0/STM32CubeIDE/plugins/com.st.stm32cube.ide.mcu.externaltools.gnu-tools-for-stm32.14.3.rel1.win32_1.0.100.202602081740/tools/bin/../lib/gcc/arm-none-eabi/14.3.1/../../../../arm-none-eabi/lib/thumb/v7e-m+fp/hard\libc_nano.a(libc_a-abort.o)
                0x0801203c                abort
 .text._raise_r
                0x0801204a       0x50 C:/ST/STM32CubeIDE_1.19.0/STM32CubeIDE/plugins/com.st.stm32cube.ide.mcu.externaltools.gnu-tools-for-stm32.14.3.rel1.win32_1.0.100.202602081740/tools/bin/../lib/gcc/arm-none-eabi/14.3.1/../../../../arm-none-eabi/lib/thumb/v7e-m+fp/hard\libc_nano.a(libc_a-signal.o)
                0x0801204a                _raise_r
 *fill*         0x0801209a        0x2 
 .text.raise    0x0801209c       0x10 C:/ST/STM32CubeIDE_1.19.0/STM32CubeIDE/plugins/com.st.stm32cube.ide.mcu.externaltools.gnu-tools-for-stm32.14.3.rel1.win32_1.0.100.202602081740/tools/bin/../lib/gcc/arm-none-eabi/14.3.1/../../../../arm-none-eabi/lib/thumb/v7e-m+fp/hard\libc_nano.a(libc_a-signal.o)
                0x0801209c                raise
 .text._kill_r  0x080120ac       0x24 C:/ST/STM32CubeIDE_1.19.0/STM32CubeIDE/plugins/com.st.stm32cube.ide.mcu.externaltools.gnu-tools-for-stm32.14.3.rel1.win32_1.0.100.202602081740/tools/bin/../lib/gcc/arm-none-eabi/14.3.1/../../../../arm-none-eabi/lib/thumb/v7e-m+fp/hard\libc_nano.a(libc_a-signalr.o)
                0x080120ac                _kill_r
 .text._getpid_r
                0x080120d0        0x4 C:/ST/STM32CubeIDE_1.19.0/STM32CubeIDE/plugins/com.st.stm32cube.ide.mcu.externaltools.gnu-tools-for-stm32.14.3.rel1.win32_1.0.100.202602081740/tools/bin/../lib/gcc/arm-none-eabi/14.3.1/../../../../arm-none-eabi/lib/thumb/v7e-m+fp/hard\libc_nano.a(libc_a-signalr.o)
                0x080120d0                _getpid_r
 .text.expf     0x080120d4       0x78 C:/ST/STM32CubeIDE_1.19.0/STM32CubeIDE/plugins/com.st.stm32cube.ide.mcu.externaltools.gnu-tools-for-stm32.14.3.rel1.win32_1.0.100.202602081740/tools/bin/../lib/gcc/arm-none-eabi/14.3.1/../../../../arm-none-eabi/lib/thumb/v7e-m+fp/hard\libm.a(libm_a-wf_exp.o)
                0x080120d4                expf
 .text.powf     0x0801214c       0xbc C:/ST/STM32CubeIDE_1.19.0/STM32CubeIDE/plugins/com.st.stm32cube.ide.mcu.externaltools.gnu-tools-for-stm32.14.3.rel1.win32_1.0.100.202602081740/tools/bin/../lib/gcc/arm-none-eabi/14.3.1/../../../../arm-none-eabi/lib/thumb/v7e-m+fp/hard\libm.a(libm_a-wf_pow.o)
                0x0801214c                powf
 .text.sqrtf    0x08012208       0x44 C:/ST/STM32CubeIDE_1.19.0/STM32CubeIDE/plugins/com.st.stm32cube.ide.mcu.externaltools.gnu-tools-for-stm32.14.3.rel1.win32_1.0.100.202602081740/tools/bin/../lib/gcc/arm-none-eabi/14.3.1/../../../../arm-none-eabi/lib/thumb/v7e-m+fp/hard\libm.a(libm_a-wf_sqrt.o)
                0x08012208                sqrtf
 .text.cosf     0x0801224c       0x70 C:/ST/STM32CubeIDE_1.19.0/STM32CubeIDE/plugins/com.st.stm32cube.ide.mcu.externaltools.gnu-tools-for-stm32.14.3.rel1.win32_1.0.100.202602081740/tools/bin/../lib/gcc/arm-none-eabi/14.3.1/../../../../arm-none-eabi/lib/thumb/v7e-m+fp/hard\libm.a(libm_a-sf_cos.o)
                0x0801224c                cosf
 .text.finitef  0x080122bc       0x14 C:/ST/STM32CubeIDE_1.19.0/STM32CubeIDE/plugins/com.st.stm32cube.ide.mcu.externaltools.gnu-tools-for-stm32.14.3.rel1.win32_1.0.100.202602081740/tools/bin/../lib/gcc/arm-none-eabi/14.3.1/../../../../arm-none-eabi/lib/thumb/v7e-m+fp/hard\libm.a(libm_a-sf_finite.o)
                0x080122bc                finitef
 .text.__ieee754_sqrtf
                0x080122d0        0x8 C:/ST/STM32CubeIDE_1.19.0/STM32CubeIDE/plugins/com.st.stm32cube.ide.mcu.externaltools.gnu-tools-for-stm32.14.3.rel1.win32_1.0.100.202602081740/tools/bin/../lib/gcc/arm-none-eabi/14.3.1/../../../../arm-none-eabi/lib/thumb/v7e-m+fp/hard\libm.a(libm_a-ef_sqrt.o)
                0x080122d0                __ieee754_sqrtf
 .text.__kernel_cosf
                0x080122d8      0x104 C:/ST/STM32CubeIDE_1.19.0/STM32CubeIDE/plugins/com.st.stm32cube.ide.mcu.externaltools.gnu-tools-for-stm32.14.3.rel1.win32_1.0.100.202602081740/tools/bin/../lib/gcc/arm-none-eabi/14.3.1/../../../../arm-none-eabi/lib/thumb/v7e-m+fp/hard\libm.a(libm_a-kf_cos.o)
                0x080122d8                __kernel_cosf
 .text.__kernel_sinf
                0x080123dc       0x90 C:/ST/STM32CubeIDE_1.19.0/STM32CubeIDE/plugins/com.st.stm32cube.ide.mcu.externaltools.gnu-tools-for-stm32.14.3.rel1.win32_1.0.100.202602081740/tools/bin/../lib/gcc/arm-none-eabi/14.3.1/../../../../arm-none-eabi/lib/thumb/v7e-m+fp/hard\libm.a(libm_a-kf_sin.o)
                0x080123dc                __kernel_sinf
 .text.__ieee754_expf
                0x0801246c      0x1e8 C:/ST/STM32CubeIDE_1.19.0/STM32CubeIDE/plugins/com.st.stm32cube.ide.mcu.externaltools.gnu-tools-for-stm32.14.3.rel1.win32_1.0.100.202602081740/tools/bin/../lib/gcc/arm-none-eabi/14.3.1/../../../../arm-none-eabi/lib/thumb/v7e-m+fp/hard\libm.a(libm_a-ef_exp.o)
                0x0801246c                __ieee754_expf
 .text.__ieee754_powf
                0x08012654      0x6b8 C:/ST/STM32CubeIDE_1.19.0/STM32CubeIDE/plugins/com.st.stm32cube.ide.mcu.externaltools.gnu-tools-for-stm32.14.3.rel1.win32_1.0.100.202602081740/tools/bin/../lib/gcc/arm-none-eabi/14.3.1/../../../../arm-none-eabi/lib/thumb/v7e-m+fp/hard\libm.a(libm_a-ef_pow.o)
                0x08012654                __ieee754_powf
 .text.__ieee754_rem_pio2f
                0x08012d0c      0x26c C:/ST/STM32CubeIDE_1.19.0/STM32CubeIDE/plugins/com.st.stm32cube.ide.mcu.externaltools.gnu-tools-for-stm32.14.3.rel1.win32_1.0.100.202602081740/tools/bin/../lib/gcc/arm-none-eabi/14.3.1/../../../../arm-none-eabi/lib/thumb/v7e-m+fp/hard\libm.a(libm_a-ef_rem_pio2.o)
                0x08012d0c                __ieee754_rem_pio2f
 .text.fabsf    0x08012f78       0x10 C:/ST/STM32CubeIDE_1.19.0/STM32CubeIDE/plugins/com.st.stm32cube.ide.mcu.externaltools.gnu-tools-for-stm32.14.3.rel1.win32_1.0.100.202602081740/tools/bin/../lib/gcc/arm-none-eabi/14.3.1/../../../../arm-none-eabi/lib/thumb/v7e-m+fp/hard\libm.a(libm_a-sf_fabs.o)
                0x08012f78                fabsf
 .text.scalbnf  0x08012f88       0xdc C:/ST/STM32CubeIDE_1.19.0/STM32CubeIDE/plugins/com.st.stm32cube.ide.mcu.externaltools.gnu-tools-for-stm32.14.3.rel1.win32_1.0.100.202602081740/tools/bin/../lib/gcc/arm-none-eabi/14.3.1/../../../../arm-none-eabi/lib/thumb/v7e-m+fp/hard\libm.a(libm_a-sf_scalbn.o)
                0x08012f88                scalbnf
 .text.with_errnof
                0x08013064       0x1c C:/ST/STM32CubeIDE_1.19.0/STM32CubeIDE/plugins/com.st.stm32cube.ide.mcu.externaltools.gnu-tools-for-stm32.14.3.rel1.win32_1.0.100.202602081740/tools/bin/../lib/gcc/arm-none-eabi/14.3.1/../../../../arm-none-eabi/lib/thumb/v7e-m+fp/hard\libm.a(libm_a-math_errf.o)
 .text.xflowf   0x08013080       0x20 C:/ST/STM32CubeIDE_1.19.0/STM32CubeIDE/plugins/com.st.stm32cube.ide.mcu.externaltools.gnu-tools-for-stm32.14.3.rel1.win32_1.0.100.202602081740/tools/bin/../lib/gcc/arm-none-eabi/14.3.1/../../../../arm-none-eabi/lib/thumb/v7e-m+fp/hard\libm.a(libm_a-math_errf.o)
 .text.__math_uflowf
                0x080130a0        0xc C:/ST/STM32CubeIDE_1.19.0/STM32CubeIDE/plugins/com.st.stm32cube.ide.mcu.externaltools.gnu-tools-for-stm32.14.3.rel1.win32_1.0.100.202602081740/tools/bin/../lib/gcc/arm-none-eabi/14.3.1/../../../../arm-none-eabi/lib/thumb/v7e-m+fp/hard\libm.a(libm_a-math_errf.o)
                0x080130a0                __math_uflowf
 .text.__math_oflowf
                0x080130ac        0xc C:/ST/STM32CubeIDE_1.19.0/STM32CubeIDE/plugins/com.st.stm32cube.ide.mcu.externaltools.gnu-tools-for-stm32.14.3.rel1.win32_1.0.100.202602081740/tools/bin/../lib/gcc/arm-none-eabi/14.3.1/../../../../arm-none-eabi/lib/thumb/v7e-m+fp/hard\libm.a(libm_a-math_errf.o)
                0x080130ac                __math_oflowf
 .text.__kernel_rem_pio2f
                0x080130b8      0x68c C:/ST/STM32CubeIDE_1.19.0/STM32CubeIDE/plugins/com.st.stm32cube.ide.mcu.externaltools.gnu-tools-for-stm32.14.3.rel1.win32_1.0.100.202602081740/tools/bin/../lib/gcc/arm-none-eabi/14.3.1/../../../../arm-none-eabi/lib/thumb/v7e-m+fp/hard\libm.a(libm_a-kf_rem_pio2.o)
                0x080130b8                __kernel_rem_pio2f
 .text.floorf   0x08013744       0x94 C:/ST/STM32CubeIDE_1.19.0/STM32CubeIDE/plugins/com.st.stm32cube.ide.mcu.externaltools.gnu-tools-for-stm32.14.3.rel1.win32_1.0.100.202602081740/tools/bin/../lib/gcc/arm-none-eabi/14.3.1/../../../../arm-none-eabi/lib/thumb/v7e-m+fp/hard\libm.a(libm_a-sf_floor.o)
                0x08013744                floorf
 .text._close   0x080137d8       0x10 C:/ST/STM32CubeIDE_1.19.0/STM32CubeIDE/plugins/com.st.stm32cube.ide.mcu.externaltools.gnu-tools-for-stm32.14.3.rel1.win32_1.0.100.202602081740/tools/bin/../lib/gcc/arm-none-eabi/14.3.1/../../../../arm-none-eabi/lib/thumb/v7e-m+fp/hard\libnosys.a(close.o)
                0x080137d8                _close
 .text._fstat   0x080137e8       0x10 C:/ST/STM32CubeIDE_1.19.0/STM32CubeIDE/plugins/com.st.stm32cube.ide.mcu.externaltools.gnu-tools-for-stm32.14.3.rel1.win32_1.0.100.202602081740/tools/bin/../lib/gcc/arm-none-eabi/14.3.1/../../../../arm-none-eabi/lib/thumb/v7e-m+fp/hard\libnosys.a(fstat.o)
                0x080137e8                _fstat
 .text._getpid  0x080137f8       0x10 C:/ST/STM32CubeIDE_1.19.0/STM32CubeIDE/plugins/com.st.stm32cube.ide.mcu.externaltools.gnu-tools-for-stm32.14.3.rel1.win32_1.0.100.202602081740/tools/bin/../lib/gcc/arm-none-eabi/14.3.1/../../../../arm-none-eabi/lib/thumb/v7e-m+fp/hard\libnosys.a(getpid.o)
                0x080137f8                _getpid
 .text._isatty  0x08013808       0x10 C:/ST/STM32CubeIDE_1.19.0/STM32CubeIDE/plugins/com.st.stm32cube.ide.mcu.externaltools.gnu-tools-for-stm32.14.3.rel1.win32_1.0.100.202602081740/tools/bin/../lib/gcc/arm-none-eabi/14.3.1/../../../../arm-none-eabi/lib/thumb/v7e-m+fp/hard\libnosys.a(isatty.o)
                0x08013808                _isatty
 .text._kill    0x08013818       0x10 C:/ST/STM32CubeIDE_1.19.0/STM32CubeIDE/plugins/com.st.stm32cube.ide.mcu.externaltools.gnu-tools-for-stm32.14.3.rel1.win32_1.0.100.202602081740/tools/bin/../lib/gcc/arm-none-eabi/14.3.1/../../../../arm-none-eabi/lib/thumb/v7e-m+fp/hard\libnosys.a(kill.o)
                0x08013818                _kill
 .text._lseek   0x08013828       0x10 C:/ST/STM32CubeIDE_1.19.0/STM32CubeIDE/plugins/com.st.stm32cube.ide.mcu.externaltools.gnu-tools-for-stm32.14.3.rel1.win32_1.0.100.202602081740/tools/bin/../lib/gcc/arm-none-eabi/14.3.1/../../../../arm-none-eabi/lib/thumb/v7e-m+fp/hard\libnosys.a(lseek.o)
                0x08013828                _lseek
 .text._read    0x08013838       0x10 C:/ST/STM32CubeIDE_1.19.0/STM32CubeIDE/plugins/com.st.stm32cube.ide.mcu.externaltools.gnu-tools-for-stm32.14.3.rel1.win32_1.0.100.202602081740/tools/bin/../lib/gcc/arm-none-eabi/14.3.1/../../../../arm-none-eabi/lib/thumb/v7e-m+fp/hard\libnosys.a(read.o)
                0x08013838                _read
 .text._exit    0x08013848        0x4 C:/ST/STM32CubeIDE_1.19.0/STM32CubeIDE/plugins/com.st.stm32cube.ide.mcu.externaltools.gnu-tools-for-stm32.14.3.rel1.win32_1.0.100.202602081740/tools/bin/../lib/gcc/arm-none-eabi/14.3.1/../../../../arm-none-eabi/lib/thumb/v7e-m+fp/hard\libnosys.a(_exit.o)
                0x08013848                _exit
 *(.glue_7)
 .glue_7        0x0801384c        0x0 linker stubs
 *(.glue_7t)
 .glue_7t       0x0801384c        0x0 linker stubs
 *(.eh_frame)
 .eh_frame      0x0801384c        0x0 C:/ST/STM32CubeIDE_1.19.0/STM32CubeIDE/plugins/com.st.stm32cube.ide.mcu.externaltools.gnu-tools-for-stm32.14.3.rel1.win32_1.0.100.202602081740/tools/bin/../lib/gcc/arm-none-eabi/14.3.1/thumb/v7e-m+fp/hard/crtbegin.o
 *(.init)
 .init          0x0801384c        0x4 C:/ST/STM32CubeIDE_1.19.0/STM32CubeIDE/plugins/com.st.stm32cube.ide.mcu.externaltools.gnu-tools-for-stm32.14.3.rel1.win32_1.0.100.202602081740/tools/bin/../lib/gcc/arm-none-eabi/14.3.1/thumb/v7e-m+fp/hard/crti.o
                0x0801384c                _init
 .init          0x08013850        0x8 C:/ST/STM32CubeIDE_1.19.0/STM32CubeIDE/plugins/com.st.stm32cube.ide.mcu.externaltools.gnu-tools-for-stm32.14.3.rel1.win32_1.0.100.202602081740/tools/bin/../lib/gcc/arm-none-eabi/14.3.1/thumb/v7e-m+fp/hard/crtn.o
 *(.fini)
 .fini          0x08013858        0x4 C:/ST/STM32CubeIDE_1.19.0/STM32CubeIDE/plugins/com.st.stm32cube.ide.mcu.externaltools.gnu-tools-for-stm32.14.3.rel1.win32_1.0.100.202602081740/tools/bin/../lib/gcc/arm-none-eabi/14.3.1/thumb/v7e-m+fp/hard/crti.o
                0x08013858                _fini
 .fini          0x0801385c        0x8 C:/ST/STM32CubeIDE_1.19.0/STM32CubeIDE/plugins/com.st.stm32cube.ide.mcu.externaltools.gnu-tools-for-stm32.14.3.rel1.win32_1.0.100.202602081740/tools/bin/../lib/gcc/arm-none-eabi/14.3.1/thumb/v7e-m+fp/hard/crtn.o