../Core/Src/main.c:151:6:computeFFT	24	static
../Core/Src/main.c:175:6:HAL_ADC_ConvHalfCpltCallback	16	static
../Core/Src/main.c:179:6:HAL_ADC_ConvCpltCallback	16	static
../Core/Src/main.c:185:6:processSamples	88	static
../Core/Src/main.c:222:6:calibrateVoltage	48	static
../Core/Src/main.c:237:7:readCurrentRMS	40	static
../Core/Src/main.c:252:5:_write	24	static
../Core/Src/main.c:258:6:OW_TimerCallback	16	static
../Core/Src/main.c:264:6:extractVibrationFeatures	1776	static
../Core/Src/main.c:429:6:sendFeaturePacket	224	static
../Core/Src/main.c:485:6:runInference	264	static
../Core/Src/main.c:688:5:main	1680	static,ignoring_inline_asm
../Core/Src/main.c:976:6:SystemClock_Config	88	static
../Core/Src/main.c:1019:6:HAL_UART_RxCpltCallback	16	static
../Core/Src/main.c:1044:6:HAL_TIM_PeriodElapsedCallback	16	static
../Core/Src/main.c:1052:6:runCalibration	16	static
../Core/Src/main.c:1080:6:HAL_GPIO_EXTI_Callback	32	static
../Core/Src/main.c:1118:10:sendToESP32	1360	static
../Core/Src/main.c:1205:6:Error_Handler	4	static,ignoring_inline_asm
